<html>
<body>
<pre>
<h1>礦ision Build Log</h1>
<h2>Project:</h2>
E:\FreeRTOS\实验_BSD_Socket服务器之TCP（FreeRTOS）\Project\MDK-ARM(uV4)\project.uvproj
Project File Date:  12/08/2017

<h2>Output:</h2>
Build target 'Flash'
compiling ETH_STM32F4xx.c...
linking...
Program Size: Code=53904 RO-data=1472 RW-data=340 ZI-data=58804  
FromELF: creating hex file...
After Build - User command #1: CopyHex_Flash.bat
E:\FreeRTOS\实验_BSD_Socket服务器之TCP（FreeRTOS）\Project\MDK-ARM(uV4)>copy Flash\Obj\output.hex ..\output(mdk).hex 
已复制         1 个文件。
".\Flash\Obj\output.axf" - 0 Error(s), 0 Warning(s).
Load "E:\\FreeRTOS\\实验_BSD_Socket服务器之TCP（FreeRTOS）\\Project\\MDK-ARM(uV4)\\Flash\\Obj\\output.axf" 
Set JLink Project File to "E:\FreeRTOS\实验_BSD_Socket服务器之TCP（FreeRTOS）\Project\MDK-ARM(uV4)\JLinkSettings.ini"
* JLink Info: Device "STM32F407IG" selected (1024 KB flash, 128 KB RAM).
 
JLink info:
------------
DLL: V4.80g, compiled Feb 13 2014 20:50:02
Firmware: J-Link ARM-OB STM32 compiled Aug 22 2012 19:52:04
Hardware: V7.00
S/N : 20090928 
Feature(s) : RDI,FlashDL,FlashBP,JFlash,GDBFull 
 
* JLink Info: Found SWD-DP with ID 0x2BA01477
* JLink Info: Found SWD-DP with ID 0x2BA01477
* JLink Info: Found Cortex-M4 r0p1, Little endian.
* JLink Info: FPUnit: 6 code (BP) slots and 2 literal slots
* JLink Info: TPIU fitted.
* JLink Info: ETM fitted.
ROMTableAddr = 0xE00FF003
 
Target info:
------------
Device: STM32F407IG
VTarget = 3.300V
State of Pins: 
TCK: 0, TDI: 0, TDO: 1, TMS: 0, TRES: 1, TRST: 1
Hardware-Breakpoints: 6
Software-Breakpoints: 8192
Watchpoints:          4
JTAG speed: 1000 kHz
 
Erase Done.
Programming Done.
Verify OK.
Application running ...
celled. Debugger aborted !
sh, 128 KB RAM).
 
JLink info:
------------
DLL: V4.80g, compiled Feb 13 2014 20:50:02
Firmware: J-Link ARM-OB STM32 compiled Aug 22 2012 19:52:04
Hardware: V7.00
S/N : 20090928 
Feature(s) : RDI,FlashDL,FlashBP,JFlash,GDBFull 
 
* JLink Info: Found SWD-DP with ID 0x2BA01477
* JLink Info: Found SWD-DP with ID 0x2BA01477
* JLink Info: Found Cortex-M4 r0p1, Little endian.
* JLink Info: FPUnit: 6 code (BP) slots and 2 literal slots
* JLink Info: TPIU fitted.
* JLink Info: ETM fitted.
ROMTableAddr = 0xE00FF003
 
Target info:
------------
Device: STM32F407IG
VTarget = 3.300V
State of Pins: 
TCK: 0, TDI: 0, TDO: 1, TMS: 0, TRES: 1, TRST: 1
Hardware-Breakpoints: 6
Software-Breakpoints: 8192
Watchpoints:          4
JTAG speed: 1000 kHz
 
Erase Done.
Programming Done.
Verify OK.
Application running ...
