ARM Linker, 5.03 [Build 76] [MDK-ARM Professional][RL-ARM]

==============================================================================

Section Cross References

    main.o(i.AppObjCreate) refers to queue.o(i.xQueueCreateMutex) for xQueueCreateMutex
    main.o(i.AppObjCreate) refers to event_groups.o(i.xEventGroupCreate) for xEventGroupCreate
    main.o(i.AppObjCreate) refers to main.o(.data) for xMutex
    main.o(i.AppTaskCreate) refers to tasks.o(i.xTaskGenericCreate) for xTaskGenericCreate
    main.o(i.AppTaskCreate) refers to main.o(.data) for xHandleTaskUserIF
    main.o(i.AppTaskCreate) refers to main.o(i.vTaskTaskUserIF) for vTaskTaskUserIF
    main.o(i.AppTaskCreate) refers to main.o(i.vTaskLED) for vTaskLED
    main.o(i.AppTaskCreate) refers to main.o(i.vTaskMsgPro) for vTaskMsgPro
    main.o(i.AppTaskCreate) refers to main.o(i.vTaskSocket) for vTaskSocket
    main.o(i.AppTaskCreate) refers to main.o(i.vTaskTCPnet) for vTaskTCPnet
    main.o(i.AppTaskCreate) refers to main.o(i.vTaskStart) for vTaskStart
    main.o(i.App_Printf) refers to memseta.o(.text) for __aeabi_memclr
    main.o(i.App_Printf) refers to printfa.o(i.__0vsprintf) for vsprintf
    main.o(i.App_Printf) refers to strlen.o(.text) for strlen
    main.o(i.App_Printf) refers to usart.o(i.USART_OUT) for USART_OUT
    main.o(i.App_Printf) refers to main.o(.bss) for buff
    main.o(i.USART_Init_Usr) refers to usart.o(i.USART_Configuration) for USART_Configuration
    main.o(i.USART_Init_Usr) refers to usart.o(i.USART_DMA_TX_Configuration) for USART_DMA_TX_Configuration
    main.o(i.USART_Init_Usr) refers to usart.o(i.USART_DMA_RX_Configuration) for USART_DMA_RX_Configuration
    main.o(i.USART_Init_Usr) refers to usart.o(.bss) for USART1_Buffer_Tx
    main.o(i.main) refers to bsp.o(i.bsp_Init) for bsp_Init
    main.o(i.main) refers to main.o(i.USART_Init_Usr) for USART_Init_Usr
    main.o(i.main) refers to sysinfotest.o(i.vSetupSysInfoTest) for vSetupSysInfoTest
    main.o(i.main) refers to main.o(i.AppTaskCreate) for AppTaskCreate
    main.o(i.main) refers to main.o(i.AppObjCreate) for AppObjCreate
    main.o(i.main) refers to tasks.o(i.vTaskStartScheduler) for vTaskStartScheduler
    main.o(i.vTaskLED) refers to tasks.o(i.xTaskGetTickCount) for xTaskGetTickCount
    main.o(i.vTaskLED) refers to bsp_led.o(i.bsp_LedToggle) for bsp_LedToggle
    main.o(i.vTaskLED) refers to tasks.o(i.vTaskDelayUntil) for vTaskDelayUntil
    main.o(i.vTaskMsgPro) refers to bsp_key.o(i.bsp_KeyScan) for bsp_KeyScan
    main.o(i.vTaskMsgPro) refers to tasks.o(i.vTaskDelay) for vTaskDelay
    main.o(i.vTaskSocket) refers to app_tcpnet_lib.o(i.TCPnetTest) for TCPnetTest
    main.o(i.vTaskStart) refers to at_system.o(i.init_TcpNet) for init_TcpNet
    main.o(i.vTaskStart) refers to tasks.o(i.xTaskGetTickCount) for xTaskGetTickCount
    main.o(i.vTaskStart) refers to at_system.o(i.timer_tick) for timer_tick
    main.o(i.vTaskStart) refers to tasks.o(i.vTaskDelayUntil) for vTaskDelayUntil
    main.o(i.vTaskTCPnet) refers to at_system.o(i.main_TcpNet) for main_TcpNet
    main.o(i.vTaskTCPnet) refers to tasks.o(i.vTaskDelay) for vTaskDelay
    main.o(i.vTaskTaskUserIF) refers to bsp_key.o(i.bsp_GetKey) for bsp_GetKey
    main.o(i.vTaskTaskUserIF) refers to main.o(i.App_Printf) for App_Printf
    main.o(i.vTaskTaskUserIF) refers to tasks.o(i.vTaskList) for vTaskList
    main.o(i.vTaskTaskUserIF) refers to tasks.o(i.vTaskGetRunTimeStats) for vTaskGetRunTimeStats
    main.o(i.vTaskTaskUserIF) refers to heap_4.o(i.xPortGetFreeHeapSize) for xPortGetFreeHeapSize
    main.o(i.vTaskTaskUserIF) refers to tasks.o(i.vTaskDelay) for vTaskDelay
    net_config.o(i.bsd_lock) refers to queue.o(i.xQueueGenericReceive) for xQueueGenericReceive
    net_config.o(i.bsd_lock) refers to net_config.o(.data) for .data
    net_config.o(i.bsd_resume) refers to queue.o(i.xQueueGenericSend) for xQueueGenericSend
    net_config.o(i.bsd_resume) refers to net_config.o(.data) for .data
    net_config.o(i.bsd_suspend) refers to queue.o(i.xQueueGenericSend) for xQueueGenericSend
    net_config.o(i.bsd_suspend) refers to queue.o(i.xQueueGenericReceive) for xQueueGenericReceive
    net_config.o(i.bsd_suspend) refers to net_config.o(.data) for .data
    net_config.o(i.bsd_unlock) refers to queue.o(i.xQueueGenericSend) for xQueueGenericSend
    net_config.o(i.bsd_unlock) refers to net_config.o(.data) for .data
    net_config.o(i.init_system) refers to at_ethernet.o(i.eth_init_link) for eth_init_link
    net_config.o(i.init_system) refers to at_ip.o(i.ip_init) for ip_init
    net_config.o(i.init_system) refers to at_icmp.o(i.icmp_init) for icmp_init
    net_config.o(i.init_system) refers to at_udp.o(i.udp_init) for udp_init
    net_config.o(i.init_system) refers to at_tcp.o(i.tcp_init) for tcp_init
    net_config.o(i.init_system) refers to at_bsd.o(i.bsd_init) for bsd_init
    net_config.o(i.init_system) refers to at_nbns.o(i.nbns_init) for nbns_init
[...]
    .bss                                     0x20002c74   Section     2088  bsp_uart_fifo.o(.bss)
    g_tUart1                                 0x20002c74   Data          40  bsp_uart_fifo.o(.bss)
    g_TxBuf1                                 0x20002c9c   Data        1024  bsp_uart_fifo.o(.bss)
    g_RxBuf1                                 0x2000309c   Data        1024  bsp_uart_fifo.o(.bss)
    .bss                                     0x2000349c   Section     2048  usart.o(.bss)
    .bss                                     0x20003c9c   Section      240  tasks.o(.bss)
    pxReadyTasksLists                        0x20003c9c   Data         140  tasks.o(.bss)
    xDelayedTaskList1                        0x20003d28   Data          20  tasks.o(.bss)
    xDelayedTaskList2                        0x20003d3c   Data          20  tasks.o(.bss)
    xPendingReadyList                        0x20003d50   Data          20  tasks.o(.bss)
    xTasksWaitingTermination                 0x20003d64   Data          20  tasks.o(.bss)
    xSuspendedTaskList                       0x20003d78   Data          20  tasks.o(.bss)
    .bss                                     0x20003d8c   Section    30720  heap_4.o(.bss)
    ucHeap                                   0x20003d8c   Data       30720  heap_4.o(.bss)
    .bss                                     0x2000b58c   Section     9312  eth_stm32f4xx.o(.bss)
    Rx_Desc                                  0x2000b58c   Data          64  eth_stm32f4xx.o(.bss)
    Tx_Desc                                  0x2000b5cc   Data          32  eth_stm32f4xx.o(.bss)
    rx_buf                                   0x2000b5ec   Data        6144  eth_stm32f4xx.o(.bss)
    tx_buf                                   0x2000cdec   Data        3072  eth_stm32f4xx.o(.bss)
    .bss                                     0x2000d9ec   Section       16  at_icmp.o(.bss)
    icmp_control                             0x2000d9ec   Data          16  at_icmp.o(.bss)
    .bss                                     0x2000d9fc   Section       32  at_dhcp.o(.bss)
    dhcp_control                             0x2000d9fc   Data          32  at_dhcp.o(.bss)
    .bss                                     0x2000da1c   Section      132  at_ethernet.o(.bss)
    eth_control                              0x2000da1c   Data         132  at_ethernet.o(.bss)
    .bss                                     0x2000daa0   Section       16  at_mem.o(.bss)
    mem_control                              0x2000daa0   Data          16  at_mem.o(.bss)
    .bss                                     0x2000dab0   Section       88  at_system.o(.bss)
    dbg_buf                                  0x2000dafc   Data          12  at_system.o(.bss)
    STACK                                    0x2000db08   Section     2048  startup_stm32f40_41xxx.o(STACK)

    Global Symbols

    Symbol Name                              Value     Ov Type        Size  Object(Section)

    BuildAttributes$$THM_ISAv4$E$P$D$K$B$S$7EM$VFPi3$EXTD16$VFPS$VFMA$PE$A:L22UL41UL21$X:L11$S22US41US21$IEEE1$IW$USESV6$~STKCKD$USESV7$~SHL$OSPACE$ROPI$EBA8$MICROLIB$REQ8$PRES8$EABIv2 0x00000000   Number         0  anon$$obj.o ABSOLUTE
    __ARM_use_no_argv                        0x00000000   Number         0  main.o ABSOLUTE
    _printf_a                                0x00000000   Number         0  stubs.o ABSOLUTE
    _printf_c                                0x00000000   Number         0  stubs.o ABSOLUTE
    _printf_charcount                        0x00000000   Number         0  stubs.o ABSOLUTE
    _printf_d                                0x00000000   Number         0  stubs.o ABSOLUTE
    _printf_e                                0x00000000   Number         0  stubs.o ABSOLUTE
    _printf_f                                0x00000000   Number         0  stubs.o ABSOLUTE
    _printf_flags                            0x00000000   Number         0  stubs.o ABSOLUTE
    _printf_fp_dec                           0x00000000   Number         0  stubs.o ABSOLUTE
    _printf_fp_hex                           0x00000000   Number         0  stubs.o ABSOLUTE
    _printf_g                                0x00000000   Number         0  stubs.o ABSOLUTE
    _printf_i                                0x00000000   Number         0  stubs.o ABSOLUTE
    _printf_int_dec                          0x00000000   Number         0  stubs.o ABSOLUTE
    _printf_l                                0x00000000   Number         0  stubs.o ABSOLUTE
    _printf_lc                               0x00000000   Number         0  stubs.o ABSOLUTE
    _printf_ll                               0x00000000   Number         0  stubs.o ABSOLUTE
    _printf_lld                              0x00000000   Number         0  stubs.o ABSOLUTE
    _printf_lli                              0x00000000   Number         0  stubs.o ABSOLUTE
    _printf_llo                              0x00000000   Number         0  stubs.o ABSOLUTE
    _printf_llu                              0x00000000   Number         0  stubs.o ABSOLUTE
    _printf_llx                              0x00000000   Number         0  stubs.o ABSOLUTE
    _printf_longlong_dec                     0x00000000   Number         0  stubs.o ABSOLUTE
    _printf_longlong_hex                     0x00000000   Number         0  stubs.o ABSOLUTE
    _printf_longlong_oct                     0x00000000   Number         0  stubs.o ABSOLUTE
    _printf_ls                               0x00000000   Number         0  stubs.o ABSOLUTE
    _printf_mbtowc                           0x00000000   Number         0  stubs.o ABSOLUTE
    _printf_n                                0x00000000   Number         0  stubs.o ABSOLUTE
    _printf_o                                0x00000000   Number         0  stubs.o ABSOLUTE
    _printf_p                                0x00000000   Number         0  stubs.o ABSOLUTE
    _printf_percent                          0x00000000   Number         0  stubs.o ABSOLUTE
    _printf_pre_padding                      0x00000000   Number         0  stubs.o ABSOLUTE
    _printf_return_value                     0x00000000   Number         0  stubs.o ABSOLUTE
    _printf_s                                0x00000000   Number         0  stubs.o ABSOLUTE
    _printf_sizespec                         0x00000000   Number         0  stubs.o ABSOLUTE
    _printf_str                              0x00000000   Number         0  stubs.o ABSOLUTE
    _printf_truncate_signed                  0x00000000   Number         0  stubs.o ABSOLUTE
    _printf_truncate_unsigned                0x00000000   Number         0  stubs.o ABSOLUTE
    _printf_u                                0x00000000   Number         0  stubs.o ABSOLUTE
    _printf_wc                               0x00000000   Number         0  stubs.o ABSOLUTE
    _printf_wctomb                           0x00000000   Number         0  stubs.o ABSOLUTE
    _printf_widthprec                        0x00000000   Number         0  stubs.o ABSOLUTE
    _printf_x                                0x00000000   Number         0  stubs.o ABSOLUTE
    __cpp_initialize__aeabi_                  - Undefined Weak Reference
    __cxa_finalize                            - Undefined Weak Reference
    _clock_init                               - Undefined Weak Reference
    _microlib_exit                            - Undefined Weak Reference
    poll_ethernet                             - Undefined Weak Reference
    __Vectors_Size                           0x00000188   Number         0  startup_stm32f40_41xxx.o ABSOLUTE
    __RL_TCP_VER                             0x00000474   Number         0  at_system.o ABSOLUTE
    __Vectors                                0x08000000   Data           4  startup_stm32f40_41xxx.o(RESET)
    __Vectors_End                            0x08000188   Data           0  startup_stm32f40_41xxx.o(RESET)
    __main                                   0x08000189   Thumb Code     0  entry.o(.ARM.Collect$$$$00000000)
    _main_stk                                0x08000189   Thumb Code     0  entry2.o(.ARM.Collect$$$$00000001)
    _main_scatterload                        0x0800018d   Thumb Code     0  entry5.o(.ARM.Collect$$$$00000004)
    __main_after_scatterload                 0x08000191   Thumb Code     0  entry5.o(.ARM.Collect$$$$00000004)
    _main_clock                              0x08000191   Thumb Code     0  entry7b.o(.ARM.Collect$$$$00000008)
    _main_cpp_init                           0x08000191   Thumb Code     0  entry8b.o(.ARM.Collect$$$$0000000A)
    _main_init                               0x08000191   Thumb Code     0  entry9a.o(.ARM.Collect$$$$0000000B)
    __rt_final_cpp                           0x08000199   Thumb Code     0  entry10a.o(.ARM.Collect$$$$0000000D)
    __rt_final_exit                          0x08000199   Thumb Code     0  entry11a.o(.ARM.Collect$$$$0000000F)
    SVC_Handler                              0x0800019d   Thumb Code    28  port.o(.emb_text)
    __asm___6_port_c_39a90d8d__prvStartFirstTask 0x080001bd   Thumb Code    28  port.o(.emb_text)
    __asm___6_port_c_39a90d8d__prvEnableVFP  0x080001dd   Thumb Code    16  port.o(.emb_text)
    PendSV_Handler                           0x080001f1   Thumb Code    88  port.o(.emb_text)
    vPortGetIPSR                             0x0800024d   Thumb Code     6  port.o(.emb_text)
    Reset_Handler                            0x08000255   Thumb Code     8  startup_stm32f40_41xxx.o(.text)
    ADC_IRQHandler                           0x0800026f   Thumb Code     0  startup_stm32f40_41xxx.o(.text)
    CAN1_RX0_IRQHandler                      0x0800026f   Thumb Code     0  startup_stm32f40_41xxx.o(.text)
    CAN1_RX1_IRQHandler                      0x0800026f   Thumb Code     0  startup_stm32f40_41xxx.o(.text)
    CAN1_SCE_IRQHandler                      0x0800026f   Thumb Code     0  startup_stm32f40_41xxx.o(.text)
    CAN1_TX_IRQHandler                       0x0800026f   Thumb Code     0  startup_stm32f40_41xxx.o(.text)
    CAN2_RX0_IRQHandler                      0x0800026f   Thumb Code     0  startup_stm32f40_41xxx.o(.text)
    CAN2_RX1_IRQHandler                      0x0800026f   Thumb Code     0  startup_stm32f40_41xxx.o(.text)
    CAN2_SCE_IRQHandler                      0x0800026f   Thumb Code     0  startup_stm32f40_41xxx.o(.text)
    CAN2_TX_IRQHandler                       0x0800026f   Thumb Code     0  startup_stm32f40_41xxx.o(.text)
    CRYP_IRQHandler                          0x0800026f   Thumb Code     0  startup_stm32f40_41xxx.o(.text)
    DCMI_IRQHandler                          0x0800026f   Thumb Code     0  startup_stm32f40_41xxx.o(.text)
    DMA1_Stream0_IRQHandler                  0x0800026f   Thumb Code     0  startup_stm32f40_41xxx.o(.text)
    DMA1_Stream1_IRQHandler                  0x0800026f   Thumb Code     0  startup_stm32f40_41xxx.o(.text)
    DMA1_Stream2_IRQHandler                  0x0800026f   Thumb Code     0  startup_stm32f40_41xxx.o(.text)
    DMA1_Stream3_IRQHandler                  0x0800026f   Thumb Code     0  startup_stm32f40_41xxx.o(.text)
    DMA1_Stream4_IRQHandler                  0x0800026f   Thumb Code     0  startup_stm32f40_41xxx.o(.text)
    DMA1_Stream5_IRQHandler                  0x0800026f   Thumb Code     0  startup_stm32f40_41xxx.o(.text)
    DMA1_Stream6_IRQHandler                  0x0800026f   Thumb Code     0  startup_stm32f40_41xxx.o(.text)
    DMA1_Stream7_IRQHandler                  0x0800026f   Thumb Code     0  startup_stm32f40_41xxx.o(.text)
    DMA2_Stream0_IRQHandler                  0x0800026f   Thumb Code     0  startup_stm32f40_41xxx.o(.text)
    DMA2_Stream1_IRQHandler                  0x0800026f   Thumb Code     0  startup_stm32f40_41xxx.o(.text)
    DMA2_Stream2_IRQHandler                  0x0800026f   Thumb Code     0  startup_stm32f40_41xxx.o(.text)
    DMA2_Stream3_IRQHandler                  0x0800026f   Thumb Code     0  startup_stm32f40_41xxx.o(.text)
    DMA2_Stream4_IRQHandler                  0x0800026f   Thumb Code     0  startup_stm32f40_41xxx.o(.text)
    DMA2_Stream5_IRQHandler                  0x0800026f   Thumb Code     0  startup_stm32f40_41xxx.o(.text)
    DMA2_Stream6_IRQHandler                  0x0800026f   Thumb Code     0  startup_stm32f40_41xxx.o(.text)
    DMA2_Stream7_IRQHandler                  0x0800026f   Thumb Code     0  startup_stm32f40_41xxx.o(.text)
    ETH_WKUP_IRQHandler                      0x0800026f   Thumb Code     0  startup_stm32f40_41xxx.o(.text)
    EXTI0_IRQHandler                         0x0800026f   Thumb Code     0  startup_stm32f40_41xxx.o(.text)
    EXTI15_10_IRQHandler                     0x0800026f   Thumb Code     0  startup_stm32f40_41xxx.o(.text)
    EXTI1_IRQHandler                         0x0800026f   Thumb Code     0  startup_stm32f40_41xxx.o(.text)
    EXTI2_IRQHandler                         0x0800026f   Thumb Code     0  startup_stm32f40_41xxx.o(.text)
    EXTI3_IRQHandler                         0x0800026f   Thumb Code     0  startup_stm32f40_41xxx.o(.text)
    EXTI4_IRQHandler                         0x0800026f   Thumb Code     0  startup_stm32f40_41xxx.o(.text)
    FLASH_IRQHandler                         0x0800026f   Thumb Code     0  startup_stm32f40_41xxx.o(.text)
    FPU_IRQHandler                           0x0800026f   Thumb Code     0  startup_stm32f40_41xxx.o(.text)
    FSMC_IRQHandler                          0x0800026f   Thumb Code     0  startup_stm32f40_41xxx.o(.text)
    HASH_RNG_IRQHandler                      0x0800026f   Thumb Code     0  startup_stm32f40_41xxx.o(.text)
    I2C1_ER_IRQHandler                       0x0800026f   Thumb Code     0  startup_stm32f40_41xxx.o(.text)
    I2C1_EV_IRQHandler                       0x0800026f   Thumb Code     0  startup_stm32f40_41xxx.o(.text)
    I2C2_ER_IRQHandler                       0x0800026f   Thumb Code     0  startup_stm32f40_41xxx.o(.text)
    I2C2_EV_IRQHandler                       0x0800026f   Thumb Code     0  startup_stm32f40_41xxx.o(.text)
    I2C3_ER_IRQHandler                       0x0800026f   Thumb Code     0  startup_stm32f40_41xxx.o(.text)
    I2C3_EV_IRQHandler                       0x0800026f   Thumb Code     0  startup_stm32f40_41xxx.o(.text)
    OTG_FS_IRQHandler                        0x0800026f   Thumb Code     0  startup_stm32f40_41xxx.o(.text)
    OTG_FS_WKUP_IRQHandler                   0x0800026f   Thumb Code     0  startup_stm32f40_41xxx.o(.text)
    OTG_HS_EP1_IN_IRQHandler                 0x0800026f   Thumb Code     0  startup_stm32f40_41xxx.o(.text)
    OTG_HS_EP1_OUT_IRQHandler                0x0800026f   Thumb Code     0  startup_stm32f40_41xxx.o(.text)
    OTG_HS_IRQHandler                        0x0800026f   Thumb Code     0  startup_stm32f40_41xxx.o(.text)
    OTG_HS_WKUP_IRQHandler                   0x0800026f   Thumb Code     0  startup_stm32f40_41xxx.o(.text)
    PVD_IRQHandler                           0x0800026f   Thumb Code     0  startup_stm32f40_41xxx.o(.text)
    RCC_IRQHandler                           0x0800026f   Thumb Code     0  startup_stm32f40_41xxx.o(.text)
    RTC_Alarm_IRQHandler                     0x0800026f   Thumb Code     0  startup_stm32f40_41xxx.o(.text)
    RTC_WKUP_IRQHandler                      0x0800026f   Thumb Code     0  startup_stm32f40_41xxx.o(.text)
    SDIO_IRQHandler                          0x0800026f   Thumb Code     0  startup_stm32f40_41xxx.o(.text)
    SPI1_IRQHandler                          0x0800026f   Thumb Code     0  startup_stm32f40_41xxx.o(.text)
    SPI2_IRQHandler                          0x0800026f   Thumb Code     0  startup_stm32f40_41xxx.o(.text)
    SPI3_IRQHandler                          0x0800026f   Thumb Code     0  startup_stm32f40_41xxx.o(.text)
    TAMP_STAMP_IRQHandler                    0x0800026f   Thumb Code     0  startup_stm32f40_41xxx.o(.text)
    TIM1_BRK_TIM9_IRQHandler                 0x0800026f   Thumb Code     0  startup_stm32f40_41xxx.o(.text)
    TIM1_CC_IRQHandler                       0x0800026f   Thumb Code     0  startup_stm32f40_41xxx.o(.text)
    TIM1_TRG_COM_TIM11_IRQHandler            0x0800026f   Thumb Code     0  startup_stm32f40_41xxx.o(.text)
    TIM1_UP_TIM10_IRQHandler                 0x0800026f   Thumb Code     0  startup_stm32f40_41xxx.o(.text)
    TIM2_IRQHandler                          0x0800026f   Thumb Code     0  startup_stm32f40_41xxx.o(.text)
    TIM3_IRQHandler                          0x0800026f   Thumb Code     0  startup_stm32f40_41xxx.o(.text)
    TIM4_IRQHandler                          0x0800026f   Thumb Code     0  startup_stm32f40_41xxx.o(.text)
    TIM5_IRQHandler                          0x0800026f   Thumb Code     0  startup_stm32f40_41xxx.o(.text)
    TIM7_IRQHandler                          0x0800026f   Thumb Code     0  startup_stm32f40_41xxx.o(.text)
    TIM8_BRK_TIM12_IRQHandler                0x0800026f   Thumb Code     0  startup_stm32f40_41xxx.o(.text)
    TIM8_CC_IRQHandler                       0x0800026f   Thumb Code     0  startup_stm32f40_41xxx.o(.text)
    TIM8_TRG_COM_TIM14_IRQHandler            0x0800026f   Thumb Code     0  startup_stm32f40_41xxx.o(.text)
    TIM8_UP_TIM13_IRQHandler                 0x0800026f   Thumb Code     0  startup_stm32f40_41xxx.o(.text)
    UART4_IRQHandler                         0x0800026f   Thumb Code     0  startup_stm32f40_41xxx.o(.text)
    UART5_IRQHandler                         0x0800026f   Thumb Code     0  startup_stm32f40_41xxx.o(.text)
    USART2_IRQHandler                        0x0800026f   Thumb Code     0  startup_stm32f40_41xxx.o(.text)
    USART3_IRQHandler                        0x0800026f   Thumb Code     0  startup_stm32f40_41xxx.o(.text)
    USART6_IRQHandler                        0x0800026f   Thumb Code     0  startup_stm32f40_41xxx.o(.text)
    WWDG_IRQHandler                          0x0800026f   Thumb Code     0  startup_stm32f40_41xxx.o(.text)
    __aeabi_memcpy                           0x08000279   Thumb Code    36  memcpya.o(.text)
    __aeabi_memcpy4                          0x08000279   Thumb Code     0  memcpya.o(.text)
    __aeabi_memcpy8                          0x08000279   Thumb Code     0  memcpya.o(.text)
    __aeabi_memset                           0x0800029d   Thumb Code    14  memseta.o(.text)
    __aeabi_memset4                          0x0800029d   Thumb Code     0  memseta.o(.text)
    __aeabi_memset8                          0x0800029d   Thumb Code     0  memseta.o(.text)
    __aeabi_memclr                           0x080002ab   Thumb Code     4  memseta.o(.text)
    __aeabi_memclr4                          0x080002ab   Thumb Code     0  memseta.o(.text)
    __aeabi_memclr8                          0x080002ab   Thumb Code     0  memseta.o(.text)
    _memset$wrapper                          0x080002af   Thumb Code    18  memseta.o(.text)
    strlen                                   0x080002c1   Thumb Code    14  strlen.o(.text)
    strcpy                                   0x080002cf   Thumb Code    18  strcpy.o(.text)
    __aeabi_uidiv                            0x080002e1   Thumb Code     0  uidiv.o(.text)
    __aeabi_uidivmod                         0x080002e1   Thumb Code    44  uidiv.o(.text)
    __aeabi_uldivmod                         0x0800030d   Thumb Code    98  uldiv.o(.text)
    __I$use$fp                               0x0800036f   Thumb Code     0  iusefp.o(.text)
    __aeabi_dadd                             0x0800036f   Thumb Code   322  dadd.o(.text)
    __aeabi_dsub                             0x080004b1   Thumb Code     6  dadd.o(.text)
    __aeabi_drsub                            0x080004b7   Thumb Code     6  dadd.o(.text)
    __aeabi_dmul                             0x080004bd   Thumb Code   228  dmul.o(.text)
    __aeabi_ddiv                             0x080005a1   Thumb Code   222  ddiv.o(.text)
    __aeabi_d2ulz                            0x0800067f   Thumb Code    48  dfixul.o(.text)
    __aeabi_cdrcmple                         0x080006b1   Thumb Code    48  cdrcmple.o(.text)
    __scatterload                            0x080006e1   Thumb Code    28  init.o(.text)
    __scatterload_rt2                        0x080006e1   Thumb Code     0  init.o(.text)
    __aeabi_llsl                             0x08000705   Thumb Code    30  llshl.o(.text)
    _ll_shift_l                              0x08000705   Thumb Code     0  llshl.o(.text)
    __aeabi_llsr                             0x08000723   Thumb Code    32  llushr.o(.text)
    _ll_ushift_r                             0x08000723   Thumb Code     0  llushr.o(.text)
    __aeabi_lasr                             0x08000743   Thumb Code    36  llsshr.o(.text)
    _ll_sshift_r                             0x08000743   Thumb Code     0  llsshr.o(.text)
    _double_round                            0x08000767   Thumb Code    30  depilogue.o(.text)
    _double_epilogue                         0x08000785   Thumb Code   156  depilogue.o(.text)
    __decompress                             0x08000821   Thumb Code     0  __dczerorl2.o(.text)
    __decompress1                            0x08000821   Thumb Code    86  __dczerorl2.o(.text)
    BusFault_Handler                         0x080009f9   Thumb Code     4  stm32f4xx_it.o(i.BusFault_Handler)
    DMA_ClearFlag                            0x080009fd   Thumb Code    38  stm32f4xx_dma.o(i.DMA_ClearFlag)
    DMA_Cmd                                  0x08000a31   Thumb Code    22  stm32f4xx_dma.o(i.DMA_Cmd)
    DMA_DeInit                               0x08000a49   Thumb Code   324  stm32f4xx_dma.o(i.DMA_DeInit)
    DMA_GetCmdStatus                         0x08000ba1   Thumb Code    20  stm32f4xx_dma.o(i.DMA_GetCmdStatus)
    DMA_GetFlagStatus                        0x08000bb5   Thumb Code    52  stm32f4xx_dma.o(i.DMA_GetFlagStatus)
    DMA_Init                                 0x08000bf5   Thumb Code    82  stm32f4xx_dma.o(i.DMA_Init)
    DMA_SetCurrDataCounter                   0x08000c4d   Thumb Code     4  stm32f4xx_dma.o(i.DMA_SetCurrDataCounter)
    DebugMon_Handler                         0x08000c51   Thumb Code     2  stm32f4xx_it.o(i.DebugMon_Handler)
    ETH_IRQHandler                           0x08000c55   Thumb Code   196  eth_stm32f4xx.o(i.ETH_IRQHandler)
    EXTI9_5_IRQHandler                       0x08000d29   Thumb Code   148  eth_stm32f4xx.o(i.EXTI9_5_IRQHandler)
    EXTI_ClearITPendingBit                   0x08000df1   Thumb Code     6  stm32f4xx_exti.o(i.EXTI_ClearITPendingBit)
    EXTI_GetITStatus                         0x08000dfd   Thumb Code    20  stm32f4xx_exti.o(i.EXTI_GetITStatus)
    EXTI_Init                                0x08000e15   Thumb Code   142  stm32f4xx_exti.o(i.EXTI_Init)
    GPIO_Init                                0x08000f21   Thumb Code   144  stm32f4xx_gpio.o(i.GPIO_Init)
    GPIO_PinAFConfig                         0x08000fb1   Thumb Code    70  stm32f4xx_gpio.o(i.GPIO_PinAFConfig)
    HardFault_Handler                        0x08000ff9   Thumb Code    36  stm32f4xx_it.o(i.HardFault_Handler)
    MemManage_Handler                        0x0800113b   Thumb Code     4  stm32f4xx_it.o(i.MemManage_Handler)
    NMI_Handler                              0x0800113f   Thumb Code     2  stm32f4xx_it.o(i.NMI_Handler)
    NVIC_Init                                0x08001141   Thumb Code   108  misc.o(i.NVIC_Init)
    NVIC_PriorityGroupConfig                 0x080011b9   Thumb Code    10  misc.o(i.NVIC_PriorityGroupConfig)
    RCC_AHB1PeriphClockCmd                   0x080011cd   Thumb Code    26  stm32f4xx_rcc.o(i.RCC_AHB1PeriphClockCmd)
    RCC_APB1PeriphClockCmd                   0x080011ed   Thumb Code    26  stm32f4xx_rcc.o(i.RCC_APB1PeriphClockCmd)
    RCC_APB2PeriphClockCmd                   0x0800120d   Thumb Code    26  stm32f4xx_rcc.o(i.RCC_APB2PeriphClockCmd)
    RCC_GetClocksFreq                        0x0800122d   Thumb Code   214  stm32f4xx_rcc.o(i.RCC_GetClocksFreq)
    SYSCFG_EXTILineConfig                    0x08001315   Thumb Code    60  stm32f4xx_syscfg.o(i.SYSCFG_EXTILineConfig)
    SysTick_Handler                          0x08001441   Thumb Code    48  port.o(i.SysTick_Handler)
    SystemInit                               0x08001475   Thumb Code    88  system_stm32f4xx.o(i.SystemInit)
    TCPnetTest                               0x080014dd   Thumb Code   394  app_tcpnet_lib.o(i.TCPnetTest)
    TIM6_DAC_IRQHandler                      0x08001755   Thumb Code    32  sysinfotest.o(i.TIM6_DAC_IRQHandler)
    TIM_ARRPreloadConfig                     0x0800177d   Thumb Code    24  stm32f4xx_tim.o(i.TIM_ARRPreloadConfig)
    TIM_ClearITPendingBit                    0x08001795   Thumb Code     6  stm32f4xx_tim.o(i.TIM_ClearITPendingBit)
    TIM_Cmd                                  0x0800179b   Thumb Code    24  stm32f4xx_tim.o(i.TIM_Cmd)
    TIM_GetITStatus                          0x080017b3   Thumb Code    34  stm32f4xx_tim.o(i.TIM_GetITStatus)
    TIM_ITConfig                             0x080017d5   Thumb Code    18  stm32f4xx_tim.o(i.TIM_ITConfig)
    TIM_TimeBaseInit                         0x080017e9   Thumb Code   104  stm32f4xx_tim.o(i.TIM_TimeBaseInit)
    USART1_IRQHandler                        0x0800186d   Thumb Code    10  bsp_uart_fifo.o(i.USART1_IRQHandler)
    USART_Cmd                                0x0800187d   Thumb Code    24  stm32f4xx_usart.o(i.USART_Cmd)
    USART_Configuration                      0x08001895   Thumb Code  2848  usart.o(i.USART_Configuration)
    USART_DMACmd                             0x080023bd   Thumb Code    18  stm32f4xx_usart.o(i.USART_DMACmd)
    USART_DMA_RX_Configuration               0x080023d1   Thumb Code   458  usart.o(i.USART_DMA_RX_Configuration)
    USART_DMA_TX                             0x080025bd   Thumb Code   348  usart.o(i.USART_DMA_TX)
    USART_DMA_TX_Configuration               0x08002729   Thumb Code   466  usart.o(i.USART_DMA_TX_Configuration)
    USART_GetFlagStatus                      0x0800291d   Thumb Code    26  stm32f4xx_usart.o(i.USART_GetFlagStatus)
    USART_GetITStatus                        0x08002937   Thumb Code    84  stm32f4xx_usart.o(i.USART_GetITStatus)
    USART_ITConfig                           0x0800298b   Thumb Code    74  stm32f4xx_usart.o(i.USART_ITConfig)
    USART_Init                               0x080029d5   Thumb Code   204  stm32f4xx_usart.o(i.USART_Init)
    USART_Init_Usr                           0x08002aa9   Thumb Code    48  main.o(i.USART_Init_Usr)
    USART_OUT                                0x08002ae1   Thumb Code   210  usart.o(i.USART_OUT)
    USART_ReceiveData                        0x08002bdd   Thumb Code    10  stm32f4xx_usart.o(i.USART_ReceiveData)
    USART_SendData                           0x08002be7   Thumb Code     8  stm32f4xx_usart.o(i.USART_SendData)
    UsageFault_Handler                       0x08002cd5   Thumb Code     4  stm32f4xx_it.o(i.UsageFault_Handler)
    __0printf                                0x08002cd9   Thumb Code    22  printfa.o(i.__0printf)
    __1printf                                0x08002cd9   Thumb Code     0  printfa.o(i.__0printf)
    __2printf                                0x08002cd9   Thumb Code     0  printfa.o(i.__0printf)
    __c89printf                              0x08002cd9   Thumb Code     0  printfa.o(i.__0printf)
    printf                                   0x08002cd9   Thumb Code     0  printfa.o(i.__0printf)
    __0sprintf                               0x08002cf9   Thumb Code    34  printfa.o(i.__0sprintf)
    __1sprintf                               0x08002cf9   Thumb Code     0  printfa.o(i.__0sprintf)
    __2sprintf                               0x08002cf9   Thumb Code     0  printfa.o(i.__0sprintf)
    __c89sprintf                             0x08002cf9   Thumb Code     0  printfa.o(i.__0sprintf)
    sprintf                                  0x08002cf9   Thumb Code     0  printfa.o(i.__0sprintf)
    __0vsprintf                              0x08002d21   Thumb Code    30  printfa.o(i.__0vsprintf)
    __1vsprintf                              0x08002d21   Thumb Code     0  printfa.o(i.__0vsprintf)
    __2vsprintf                              0x08002d21   Thumb Code     0  printfa.o(i.__0vsprintf)
    __c89vsprintf                            0x08002d21   Thumb Code     0  printfa.o(i.__0vsprintf)
    vsprintf                                 0x08002d21   Thumb Code     0  printfa.o(i.__0vsprintf)
    __debug__                                0x08002d45   Thumb Code     2  net_debug.o(i.__debug__)
    __error__                                0x08002d47   Thumb Code     2  net_debug.o(i.__error__)
    __scatterload_copy                       0x08002d49   Thumb Code    14  handlers.o(i.__scatterload_copy)
    __scatterload_null                       0x08002d57   Thumb Code     2  handlers.o(i.__scatterload_null)
    __scatterload_zeroinit                   0x08002d59   Thumb Code    14  handlers.o(i.__scatterload_zeroinit)
    accept                                   0x08003625   Thumb Code   268  at_bsd.o(i.accept)
    alloc_mem                                0x08003835   Thumb Code   258  at_mem.o(i.alloc_mem)
    arp_cache_add                            0x080039c9   Thumb Code   252  at_arp.o(i.arp_cache_add)
    arp_cache_early                          0x08003bf5   Thumb Code   176  at_arp.o(i.arp_cache_early)
    arp_cache_find                           0x08003cd1   Thumb Code   216  at_arp.o(i.arp_cache_find)
    arp_cache_update                         0x08003e2d   Thumb Code   312  at_arp.o(i.arp_cache_update)
    arp_init                                 0x08003fed   Thumb Code    44  at_arp.o(i.arp_init)
    arp_notify                               0x0800406d   Thumb Code    26  at_arp.o(i.arp_notify)
    arp_probe                                0x08004095   Thumb Code    14  at_arp.o(i.arp_probe)
    arp_process                              0x0800417d   Thumb Code   360  at_arp.o(i.arp_process)
    avail_mem                                0x0800453d   Thumb Code    22  at_mem.o(i.avail_mem)
    bind                                     0x08004559   Thumb Code   210  at_bsd.o(i.bind)
    bsd_enable                               0x08004725   Thumb Code    24  at_bsd.o(i.bsd_enable)
    bsd_init                                 0x0800473d   Thumb Code    44  at_bsd.o(i.bsd_init)
    bsd_lock                                 0x080047e5   Thumb Code    14  net_config.o(i.bsd_lock)
    bsd_poll_sockets                         0x0800483d   Thumb Code   114  at_bsd.o(i.bsd_poll_sockets)
    bsd_resume                               0x080048b9   Thumb Code    14  net_config.o(i.bsd_resume)
    bsd_suspend                              0x080048cd   Thumb Code    46  net_config.o(i.bsd_suspend)
    bsd_unlock                               0x08004901   Thumb Code    14  net_config.o(i.bsd_unlock)
    bsd_wait                                 0x08004915   Thumb Code    50  at_bsd.o(i.bsd_wait)
    bsp_GetKey                               0x08004a15   Thumb Code    46  bsp_key.o(i.bsp_GetKey)
    bsp_GetRCCofTIM                          0x08004a49   Thumb Code   150  bsp_tim_pwm.o(i.bsp_GetRCCofTIM)
    bsp_Init                                 0x08004b15   Thumb Code    20  bsp.o(i.bsp_Init)
    bsp_InitKey                              0x08004b29   Thumb Code    12  bsp_key.o(i.bsp_InitKey)
    bsp_InitLed                              0x08004ca9   Thumb Code   112  bsp_led.o(i.bsp_InitLed)
    bsp_KeyScan                              0x08004d25   Thumb Code    22  bsp_key.o(i.bsp_KeyScan)
    bsp_LedOff                               0x08004d3d   Thumb Code    52  bsp_led.o(i.bsp_LedOff)
    bsp_LedToggle                            0x08004d7d   Thumb Code    72  bsp_led.o(i.bsp_LedToggle)
    bsp_PutKey                               0x08004dd1   Thumb Code    28  bsp_key.o(i.bsp_PutKey)
    bsp_SetTIMforInt                         0x08004df1   Thumb Code   458  bsp_tim_pwm.o(i.bsp_SetTIMforInt)
    calc_chksum16be                          0x08004ff1   Thumb Code    18  at_lib.o(i.calc_chksum16be)
    chksum16_buf                             0x08005005   Thumb Code    40  at_lib.o(i.chksum16_buf)
    chksum16_val                             0x0800502d   Thumb Code    10  at_lib.o(i.chksum16_val)
    closesocket                              0x08005039   Thumb Code   260  at_bsd.o(i.closesocket)
    dhcp_cbfunc                              0x080057f1   Thumb Code     2  at_dhcp.o(i.dhcp_cbfunc)
    dhcp_init                                0x080057f5   Thumb Code   128  at_dhcp.o(i.dhcp_init)
    dhcp_run_client                          0x08005ed1   Thumb Code   706  at_dhcp.o(i.dhcp_run_client)
    eth_chk_adr                              0x08006695   Thumb Code    10  at_ethernet.o(i.eth_chk_adr)
    eth_init_link                            0x080066a5   Thumb Code    48  at_ethernet.o(i.eth_init_link)
    eth_run_link                             0x080066f1   Thumb Code   216  at_ethernet.o(i.eth_run_link)
    eth_send_frame                           0x08006819   Thumb Code   192  at_ethernet.o(i.eth_send_frame)
    fputc                                    0x0800693d   Thumb Code    58  bsp_uart_fifo.o(i.fputc)
    free_mem                                 0x0800697d   Thumb Code   194  at_mem.o(i.free_mem)
    get_rnd32                                0x08006afd   Thumb Code    18  at_system.o(i.get_rnd32)
    icmp_init                                0x08006b19   Thumb Code    20  at_icmp.o(i.icmp_init)
    icmp_process                             0x08006b41   Thumb Code   286  at_icmp.o(i.icmp_process)
    icmp_run_engine                          0x08006d9d   Thumb Code    66  at_icmp.o(i.icmp_run_engine)
    ifree_mem                                0x08006e81   Thumb Code    60  at_mem.o(i.ifree_mem)
    igmp_is_member                           0x08006ec5   Thumb Code     4  net_config.o(i.igmp_is_member)
    igmp_process                             0x08006ec9   Thumb Code     2  net_config.o(i.igmp_process)
    init_TcpNet                              0x08006ecd   Thumb Code    42  at_system.o(i.init_TcpNet)
    init_debug                               0x08006f01   Thumb Code     2  net_debug.o(i.init_debug)
    init_ethernet                            0x08006f05   Thumb Code   810  eth_stm32f4xx.o(i.init_ethernet)
    init_mem                                 0x0800736d   Thumb Code   110  at_mem.o(i.init_mem)
    init_system                              0x0800741d   Thumb Code    58  net_config.o(i.init_system)
    int_disable_eth                          0x0800745d   Thumb Code    10  eth_stm32f4xx.o(i.int_disable_eth)
    int_enable_eth                           0x0800746d   Thumb Code    10  eth_stm32f4xx.o(i.int_enable_eth)
    ip_chk_frame                             0x0800747d   Thumb Code   244  at_ip.o(i.ip_chk_frame)
    ip_get_locadr                            0x08007641   Thumb Code   166  at_ip.o(i.ip_get_locadr)
    ip_init                                  0x080076f9   Thumb Code    18  at_ip.o(i.ip_init)
    ip_run_local                             0x080077a5   Thumb Code    82  at_ip.o(i.ip_run_local)
    ip_send_frame                            0x08007801   Thumb Code   288  at_ip.o(i.ip_send_frame)
    is_subnet                                0x0800795d   Thumb Code    20  at_lib.o(i.is_subnet)
    listen                                   0x08007999   Thumb Code   188  at_bsd.o(i.listen)
    main                                     0x08007b2d   Thumb Code    36  main.o(i.main)
    main_TcpNet                              0x08007b51   Thumb Code    92  at_system.o(i.main_TcpNet)
    mem_comp                                 0x08007bb9   Thumb Code    24  at_lib.o(i.mem_comp)
    mem_copy                                 0x08007bd1   Thumb Code    22  at_lib.o(i.mem_copy)
    mem_crc32                                0x08007be7   Thumb Code    32  at_lib.o(i.mem_crc32)
    mem_set                                  0x08007c07   Thumb Code    10  at_lib.o(i.mem_set)
    mem_test                                 0x08007c11   Thumb Code    20  at_lib.o(i.mem_test)
    nbns_init                                0x08007c25   Thumb Code    48  at_nbns.o(i.nbns_init)
    nrd_u16be                                0x08007ef1   Thumb Code    10  at_lib.o(i.nrd_u16be)
    nrd_u32be                                0x08007efb   Thumb Code    22  at_lib.o(i.nrd_u32be)
    nwr_u16be                                0x08007f11   Thumb Code     8  at_lib.o(i.nwr_u16be)
    nwr_u32be                                0x08007f19   Thumb Code    16  at_lib.o(i.nwr_u32be)
    ppp_send_frame                           0x08007f29   Thumb Code     4  net_config.o(i.ppp_send_frame)
    put_in_queue                             0x08008789   Thumb Code    36  at_ethernet.o(i.put_in_queue)
    pvPortMalloc                             0x080087b1   Thumb Code   294  heap_4.o(i.pvPortMalloc)
    pvTaskIncrementMutexHeldCount            0x080088ed   Thumb Code    26  tasks.o(i.pvTaskIncrementMutexHeldCount)
    pxPortInitialiseStack                    0x0800890d   Thumb Code    34  port.o(i.pxPortInitialiseStack)
    recv                                     0x080089c9   Thumb Code    14  at_bsd.o(i.recv)
    recvfrom                                 0x080089d9   Thumb Code   458  at_bsd.o(i.recvfrom)
    resize_mem                               0x08008cc5   Thumb Code    86  at_mem.o(i.resize_mem)
    run_system                               0x08008d59   Thumb Code    56  net_config.o(i.run_system)
    send                                     0x08008e01   Thumb Code    14  at_bsd.o(i.send)
    send_frame                               0x08008e11   Thumb Code   112  eth_stm32f4xx.o(i.send_frame)
    sendto                                   0x08008e8d   Thumb Code   458  at_bsd.o(i.sendto)
    slip_send_frame                          0x08009179   Thumb Code     4  net_config.o(i.slip_send_frame)
    socket                                   0x0800917d   Thumb Code   196  at_bsd.o(i.socket)
    str_copy                                 0x080092d5   Thumb Code    18  at_lib.o(i.str_copy)
    str_up_case                              0x080092e7   Thumb Code    26  at_lib.o(i.str_up_case)
    sys_error                                0x08009301   Thumb Code    36  net_config.o(i.sys_error)
    tcp_abort                                0x08009325   Thumb Code   104  at_tcp.o(i.tcp_abort)
    tcp_check_send                           0x080095c9   Thumb Code    72  at_tcp.o(i.tcp_check_send)
    tcp_close                                0x08009665   Thumb Code   190  at_tcp.o(i.tcp_close)
    tcp_get_buf                              0x08009795   Thumb Code    42  at_tcp.o(i.tcp_get_buf)
    tcp_get_socket                           0x080097d9   Thumb Code   102  at_tcp.o(i.tcp_get_socket)
    tcp_get_state                            0x080098c9   Thumb Code    32  at_tcp.o(i.tcp_get_state)
    tcp_init                                 0x080098ed   Thumb Code    44  at_tcp.o(i.tcp_init)
    tcp_ioctl_socket                         0x08009941   Thumb Code    54  at_tcp.o(i.tcp_ioctl_socket)
    tcp_listen                               0x0800997d   Thumb Code   146  at_tcp.o(i.tcp_listen)
    tcp_max_dsize                            0x08009bc5   Thumb Code    30  at_tcp.o(i.tcp_max_dsize)
    tcp_no_ack                               0x08009be9   Thumb Code     8  at_tcp.o(i.tcp_no_ack)
    tcp_poll_sockets                         0x08009c9d   Thumb Code   764  at_tcp.o(i.tcp_poll_sockets)
    tcp_process                              0x0800a301   Thumb Code  2216  at_tcp.o(i.tcp_process)
    tcp_release_socket                       0x0800aee5   Thumb Code    78  at_tcp.o(i.tcp_release_socket)
    tcp_reset_window                         0x0800af8d   Thumb Code   106  at_tcp.o(i.tcp_reset_window)
    tcp_send                                 0x0800b099   Thumb Code   282  at_tcp.o(i.tcp_send)
    timer_tick                               0x0800b5d5   Thumb Code    14  at_system.o(i.timer_tick)
    udp_close                                0x0800b731   Thumb Code    62  at_udp.o(i.udp_close)
    udp_get_buf                              0x0800b7a5   Thumb Code    42  at_udp.o(i.udp_get_buf)
    udp_get_socket                           0x0800b7e9   Thumb Code    92  at_udp.o(i.udp_get_socket)
    udp_init                                 0x0800b8cd   Thumb Code    34  at_udp.o(i.udp_init)
    udp_open                                 0x0800b909   Thumb Code   142  at_udp.o(i.udp_open)
    udp_process                              0x0800ba5d   Thumb Code   236  at_udp.o(i.udp_process)
    udp_release_socket                       0x0800bbe1   Thumb Code    66  at_udp.o(i.udp_release_socket)
    udp_send                                 0x0800bc5d   Thumb Code   364  at_udp.o(i.udp_send)
    uxListRemove                             0x0800beb5   Thumb Code    40  list.o(i.uxListRemove)
    uxTaskGetSystemState                     0x0800bedd   Thumb Code   134  tasks.o(i.uxTaskGetSystemState)
    vListInitialise                          0x0800bf81   Thumb Code    26  list.o(i.vListInitialise)
    vListInitialiseItem                      0x0800bf9b   Thumb Code     6  list.o(i.vListInitialiseItem)
    vListInsert                              0x0800bfa1   Thumb Code    52  list.o(i.vListInsert)
    vListInsertEnd                           0x0800bfd5   Thumb Code    24  list.o(i.vListInsertEnd)
    vPortEnterCritical                       0x0800bfed   Thumb Code    78  port.o(i.vPortEnterCritical)
    vPortExitCritical                        0x0800c045   Thumb Code    56  port.o(i.vPortExitCritical)
    vPortFree                                0x0800c081   Thumb Code   140  heap_4.o(i.vPortFree)
    vPortSetupTimerInterrupt                 0x0800c115   Thumb Code    14  port.o(i.vPortSetupTimerInterrupt)
    vSetupSysInfoTest                        0x0800c129   Thumb Code    18  sysinfotest.o(i.vSetupSysInfoTest)
    vTaskDelay                               0x0800c141   Thumb Code   120  tasks.o(i.vTaskDelay)
    vTaskDelayUntil                          0x0800c1cd   Thumb Code   230  tasks.o(i.vTaskDelayUntil)
    vTaskGetRunTimeStats                     0x0800c2c9   Thumb Code   162  tasks.o(i.vTaskGetRunTimeStats)
    vTaskList                                0x0800c3a9   Thumb Code   180  tasks.o(i.vTaskList)
    vTaskMissedYield                         0x0800c471   Thumb Code     8  tasks.o(i.vTaskMissedYield)
    vTaskPlaceOnEventList                    0x0800c48d   Thumb Code   108  tasks.o(i.vTaskPlaceOnEventList)
    vTaskPriorityInherit                     0x0800c509   Thumb Code   164  tasks.o(i.vTaskPriorityInherit)
    vTaskSetTimeOutState                     0x0800c5b9   Thumb Code    38  tasks.o(i.vTaskSetTimeOutState)
    vTaskStartScheduler                      0x0800c611   Thumb Code   104  tasks.o(i.vTaskStartScheduler)
    vTaskSuspendAll                          0x0800c695   Thumb Code    12  tasks.o(i.vTaskSuspendAll)
    vTaskSwitchContext                       0x0800c6a5   Thumb Code   170  tasks.o(i.vTaskSwitchContext)
    xEventGroupCreate                        0x0800c915   Thumb Code    26  event_groups.o(i.xEventGroupCreate)
    xPortGetFreeHeapSize                     0x0800c931   Thumb Code     6  heap_4.o(i.xPortGetFreeHeapSize)
    xPortStartScheduler                      0x0800c93d   Thumb Code   288  port.o(i.xPortStartScheduler)
    xQueueCreateMutex                        0x0800ca79   Thumb Code    76  queue.o(i.xQueueCreateMutex)
    xQueueGenericCreate                      0x0800cac5   Thumb Code   134  queue.o(i.xQueueGenericCreate)
    xQueueGenericReceive                     0x0800cb4d   Thumb Code   378  queue.o(i.xQueueGenericReceive)
    xQueueGenericReset                       0x0800cccd   Thumb Code   144  queue.o(i.xQueueGenericReset)
    xQueueGenericSend                        0x0800cd61   Thumb Code   368  queue.o(i.xQueueGenericSend)
    xTaskCheckForTimeOut                     0x0800ced5   Thumb Code   132  tasks.o(i.xTaskCheckForTimeOut)
    xTaskGenericCreate                       0x0800cf61   Thumb Code   340  tasks.o(i.xTaskGenericCreate)
    xTaskGetTickCount                        0x0800d0d1   Thumb Code     6  tasks.o(i.xTaskGetTickCount)
    xTaskIncrementTick                       0x0800d0dd   Thumb Code   286  tasks.o(i.xTaskIncrementTick)
    xTaskPriorityDisinherit                  0x0800d229   Thumb Code   188  tasks.o(i.xTaskPriorityDisinherit)
    xTaskRemoveFromEventList                 0x0800d2f1   Thumb Code   128  tasks.o(i.xTaskRemoveFromEventList)
    xTaskResumeAll                           0x0800d389   Thumb Code   224  tasks.o(i.xTaskResumeAll)
    nlocalm                                  0x0800d48c   Data          60  net_config.o(.constdata)
    sys_config                               0x0800d4c8   Data          16  net_config.o(.constdata)
    arp_config                               0x0800d4d8   Data          12  net_config.o(.constdata)
    dhcp_config                              0x0800d4e4   Data           8  net_config.o(.constdata)
    udp_config                               0x0800d4ec   Data           8  net_config.o(.constdata)
    tcp_config                               0x0800d4f4   Data          24  net_config.o(.constdata)
    bsd_config                               0x0800d50c   Data           8  net_config.o(.constdata)
    IP_Broadcast                             0x0800d558   Data           4  at_ip.o(.constdata)
    MAC_Broadcast                            0x0800d5b2   Data           6  at_ethernet.o(.constdata)
    Region$$Table$$Base                      0x0800d8e8   Number         0  anon$$obj.o(Region$$Table)
    Region$$Table$$Limit                     0x0800d908   Number         0  anon$$obj.o(Region$$Table)
    xCreatedEventGroup                       0x2000001c   Data           4  main.o(.data)
    lhost_name                               0x20000020   Data          16  net_config.o(.data)
    own_hw_adr                               0x20000030   Data           6  net_config.o(.data)
    bsd_mutex                                0x20000038   Data           4  net_config.o(.data)
    bsd_sem                                  0x2000003c   Data           4  net_config.o(.data)
    ulHighFrequencyTimerTicks                0x20000040   Data           4  sysinfotest.o(.data)
    ReVal_Table                              0x20000044   Data          44  app_tcpnet_lib.o(.data)
    USART2_Buffer_Tx                         0x20000070   Data           1  usart.o(.data)
    USART2_Buffer_Rx                         0x20000071   Data           1  usart.o(.data)
    USART3_Buffer_Tx                         0x20000072   Data           1  usart.o(.data)
    USART3_Buffer_Rx                         0x20000073   Data           1  usart.o(.data)
    USART4_Buffer_Tx                         0x20000074   Data           1  usart.o(.data)
    USART4_Buffer_Rx                         0x20000075   Data           1  usart.o(.data)
    USART5_Buffer_Tx                         0x20000076   Data           1  usart.o(.data)
    USART5_Buffer_Rx                         0x20000077   Data           1  usart.o(.data)
    USART6_Buffer_Tx                         0x20000078   Data           1  usart.o(.data)
    USART6_Buffer_Rx                         0x20000079   Data           1  usart.o(.data)
    SystemCoreClock                          0x2000008c   Data           4  system_stm32f4xx.o(.data)
    AHBPrescTable                            0x20000090   Data          16  system_stm32f4xx.o(.data)
    pxCurrentTCB                             0x200000a0   Data           4  tasks.o(.data)
    g_ucEthLinkStatus                        0x20000104   Data           1  eth_stm32f4xx.o(.data)
    __stdout                                 0x20000150   Data           4  stdout.o(.data)
    sendbuf                                  0x200027c4   Data        1024  app_tcpnet_lib.o(.bss)
    USART1_Buffer_Tx                         0x2000349c   Data        1024  usart.o(.bss)
    USART1_Buffer_Rx                         0x2000389c   Data        1024  usart.o(.bss)
    localm                                   0x2000dab0   Data          60  at_system.o(.bss)
    sys_control                              0x2000daec   Data          16  at_system.o(.bss)
    __initial_sp                             0x2000e308   Data           0  startup_stm32f40_41xxx.o(STACK)



==============================================================================

Memory Map of the image

  Image Entry point : 0x08000189

  Load Region LR_IROM1 (Base: 0x08000000, Size: 0x0000da5c, Max: 0x00100000, ABSOLUTE, COMPRESSED[0x0000d97c])

    Execution Region ER_IROM1 (Base: 0x08000000, Size: 0x0000d908, Max: 0x00100000, ABSOLUTE)

    Base Addr    Size         Type   Attr      Idx    E Section Name        Object

    0x08000000   0x00000188   Data   RO         1116    RESET               startup_stm32f40_41xxx.o
    0x08000188   0x00000000   Code   RO         3847  * .ARM.Collect$$$$00000000  mc_w.l(entry.o)
    0x08000188   0x00000004   Code   RO         4121    .ARM.Collect$$$$00000001  mc_w.l(entry2.o)
    0x0800018c   0x00000004   Code   RO         4124    .ARM.Collect$$$$00000004  mc_w.l(entry5.o)
    0x08000190   0x00000000   Code   RO         4126    .ARM.Collect$$$$00000008  mc_w.l(entry7b.o)
    0x08000190   0x00000000   Code   RO         4128    .ARM.Collect$$$$0000000A  mc_w.l(entry8b.o)
    0x08000190   0x00000008   Code   RO         4129    .ARM.Collect$$$$0000000B  mc_w.l(entry9a.o)
    0x08000198   0x00000000   Code   RO         4131    .ARM.Collect$$$$0000000D  mc_w.l(entry10a.o)
    0x08000198   0x00000000   Code   RO         4133    .ARM.Collect$$$$0000000F  mc_w.l(entry11a.o)
    0x08000198   0x00000004   Code   RO         4122    .ARM.Collect$$$$00002712  mc_w.l(entry2.o)
    0x0800019c   0x000000b6   Code   RO         3335    .emb_text           port.o
    0x08000252   0x00000002   PAD
    0x08000254   0x00000024   Code   RO         1117    .text               startup_stm32f40_41xxx.o
    0x08000278   0x00000024   Code   RO         3850    .text               mc_w.l(memcpya.o)
    0x0800029c   0x00000024   Code   RO         3852    .text               mc_w.l(memseta.o)
    0x080002c0   0x0000000e   Code   RO         3854    .text               mc_w.l(strlen.o)
    0x080002ce   0x00000012   Code   RO         3856    .text               mc_w.l(strcpy.o)
    0x080002e0   0x0000002c   Code   RO         4136    .text               mc_w.l(uidiv.o)
    0x0800030c   0x00000062   Code   RO         4138    .text               mc_w.l(uldiv.o)
    0x0800036e   0x00000000   Code   RO         4140    .text               mc_w.l(iusefp.o)
    0x0800036e   0x0000014e   Code   RO         4141    .text               mf_w.l(dadd.o)
    0x080004bc   0x000000e4   Code   RO         4143    .text               mf_w.l(dmul.o)
    0x080005a0   0x000000de   Code   RO         4145    .text               mf_w.l(ddiv.o)
    0x0800067e   0x00000030   Code   RO         4147    .text               mf_w.l(dfixul.o)
    0x080006ae   0x00000002   PAD
    0x080006b0   0x00000030   Code   RO         4149    .text               mf_w.l(cdrcmple.o)
    0x080006e0   0x00000024   Code   RO         4151    .text               mc_w.l(init.o)
    0x08000704   0x0000001e   Code   RO         4153    .text               mc_w.l(llshl.o)
    0x08000722   0x00000020   Code   RO         4155    .text               mc_w.l(llushr.o)
    0x08000742   0x00000024   Code   RO         4157    .text               mc_w.l(llsshr.o)
    0x08000766   0x000000ba   Code   RO         4159    .text               mf_w.l(depilogue.o)
    0x08000820   0x00000056   Code   RO         4169    .text               mc_w.l(__dczerorl2.o)
    0x08000876   0x00000002   PAD
    0x08000878   0x00000020   Code   RO            4    i.AppObjCreate      main.o
    0x08000898   0x00000124   Code   RO            5    i.AppTaskCreate     main.o
    0x080009bc   0x0000003c   Code   RO            6    i.App_Printf        main.o
    0x080009f8   0x00000004   Code   RO          720    i.BusFault_Handler  stm32f4xx_it.o
    0x080009fc   0x00000034   Code   RO         2496    i.DMA_ClearFlag     stm32f4xx_dma.o
    0x08000a30   0x00000016   Code   RO         2498    i.DMA_Cmd           stm32f4xx_dma.o
    0x08000a46   0x00000002   PAD
    0x08000a48   0x00000158   Code   RO         2499    i.DMA_DeInit        stm32f4xx_dma.o
    0x08000ba0   0x00000014   Code   RO         2503    i.DMA_GetCmdStatus  stm32f4xx_dma.o
    0x08000bb4   0x00000040   Code   RO         2507    i.DMA_GetFlagStatus  stm32f4xx_dma.o
    0x08000bf4   0x00000058   Code   RO         2510    i.DMA_Init          stm32f4xx_dma.o
    0x08000c4c   0x00000004   Code   RO         2513    i.DMA_SetCurrDataCounter  stm32f4xx_dma.o
    0x08000c50   0x00000002   Code   RO          721    i.DebugMon_Handler  stm32f4xx_it.o
    0x08000c52   0x00000002   PAD
    0x08000c54   0x000000d4   Code   RO         3403    i.ETH_IRQHandler    eth_stm32f4xx.o
    0x08000d28   0x000000c8   Code   RO         3404    i.EXTI9_5_IRQHandler  eth_stm32f4xx.o
    0x08000df0   0x0000000c   Code   RO         2431    i.EXTI_ClearITPendingBit  stm32f4xx_exti.o
    0x08000dfc   0x00000018   Code   RO         2435    i.EXTI_GetITStatus  stm32f4xx_exti.o
    0x08000e14   0x00000094   Code   RO         2436    i.EXTI_Init         stm32f4xx_exti.o
    0x08000ea8   0x00000078   Code   RO         3405    i.Eth_Link_EXTIConfig  eth_stm32f4xx.o
    0x08000f20   0x00000090   Code   RO         1571    i.GPIO_Init         stm32f4xx_gpio.o
    0x08000fb0   0x00000046   Code   RO         1572    i.GPIO_PinAFConfig  stm32f4xx_gpio.o
    0x08000ff6   0x00000002   PAD
    0x08000ff8   0x00000054   Code   RO          722    i.HardFault_Handler  stm32f4xx_it.o
    0x0800104c   0x00000018   Code   RO          539    i.IsKeyDown1        bsp_key.o
    0x08001064   0x00000016   Code   RO          540    i.IsKeyDown10       bsp_key.o
    0x0800107a   0x00000002   PAD
    0x0800107c   0x00000018   Code   RO          541    i.IsKeyDown2        bsp_key.o
    0x08001094   0x00000018   Code   RO          542    i.IsKeyDown3        bsp_key.o
    0x080010ac   0x00000018   Code   RO          543    i.IsKeyDown4        bsp_key.o
    0x080010c4   0x00000018   Code   RO          544    i.IsKeyDown5        bsp_key.o
    0x080010dc   0x00000018   Code   RO          545    i.IsKeyDown6        bsp_key.o
    0x080010f4   0x00000018   Code   RO          546    i.IsKeyDown7        bsp_key.o
    0x0800110c   0x00000018   Code   RO          547    i.IsKeyDown8        bsp_key.o
    0x08001124   0x00000016   Code   RO          548    i.IsKeyDown9        bsp_key.o
    0x0800113a   0x00000004   Code   RO          723    i.MemManage_Handler  stm32f4xx_it.o
    0x0800113e   0x00000002   Code   RO          724    i.NMI_Handler       stm32f4xx_it.o
    0x08001140   0x00000078   Code   RO         1124    i.NVIC_Init         misc.o
    0x080011b8   0x00000014   Code   RO         1125    i.NVIC_PriorityGroupConfig  misc.o
    0x080011cc   0x00000020   Code   RO         1172    i.RCC_AHB1PeriphClockCmd  stm32f4xx_rcc.o
    0x080011ec   0x00000020   Code   RO         1181    i.RCC_APB1PeriphClockCmd  stm32f4xx_rcc.o
    0x0800120c   0x00000020   Code   RO         1184    i.RCC_APB2PeriphClockCmd  stm32f4xx_rcc.o
    0x0800122c   0x000000e8   Code   RO         1193    i.RCC_GetClocksFreq  stm32f4xx_rcc.o
    0x08001314   0x00000040   Code   RO         1513    i.SYSCFG_EXTILineConfig  stm32f4xx_syscfg.o
    0x08001354   0x000000ec   Code   RO         2628    i.SetSysClock       system_stm32f4xx.o
    0x08001440   0x00000034   Code   RO         3336    i.SysTick_Handler   port.o
    0x08001474   0x00000068   Code   RO         2630    i.SystemInit        system_stm32f4xx.o
    0x080014dc   0x00000278   Code   RO          472    i.TCPnetTest        app_tcpnet_lib.o
    0x08001754   0x00000028   Code   RO          414    i.TIM6_DAC_IRQHandler  sysinfotest.o
    0x0800177c   0x00000018   Code   RO         1868    i.TIM_ARRPreloadConfig  stm32f4xx_tim.o
    0x08001794   0x00000006   Code   RO         1875    i.TIM_ClearITPendingBit  stm32f4xx_tim.o
    0x0800179a   0x00000018   Code   RO         1880    i.TIM_Cmd           stm32f4xx_tim.o
    0x080017b2   0x00000022   Code   RO         1901    i.TIM_GetITStatus   stm32f4xx_tim.o
    0x080017d4   0x00000012   Code   RO         1905    i.TIM_ITConfig      stm32f4xx_tim.o
    0x080017e6   0x00000002   PAD
    0x080017e8   0x00000084   Code   RO         1952    i.TIM_TimeBaseInit  stm32f4xx_tim.o
    0x0800186c   0x00000010   Code   RO          792    i.USART1_IRQHandler  bsp_uart_fifo.o
    0x0800187c   0x00000018   Code   RO         1676    i.USART_Cmd         stm32f4xx_usart.o
    0x08001894   0x00000b28   Code   RO         1041    i.USART_Configuration  usart.o
    0x080023bc   0x00000012   Code   RO         1677    i.USART_DMACmd      stm32f4xx_usart.o
    0x080023ce   0x00000002   PAD
    0x080023d0   0x000001ec   Code   RO         1043    i.USART_DMA_RX_Configuration  usart.o
    0x080025bc   0x0000016c   Code   RO         1044    i.USART_DMA_TX      usart.o
    0x08002728   0x000001f4   Code   RO         1045    i.USART_DMA_TX_Configuration  usart.o
    0x0800291c   0x0000001a   Code   RO         1679    i.USART_GetFlagStatus  stm32f4xx_usart.o
    0x08002936   0x00000054   Code   RO         1680    i.USART_GetITStatus  stm32f4xx_usart.o
    0x0800298a   0x0000004a   Code   RO         1682    i.USART_ITConfig    stm32f4xx_usart.o
    0x080029d4   0x000000d4   Code   RO         1683    i.USART_Init        stm32f4xx_usart.o
    0x08002aa8   0x00000038   Code   RO            7    i.USART_Init_Usr    main.o
    0x08002ae0   0x000000fc   Code   RO         1048    i.USART_OUT         usart.o
    0x08002bdc   0x0000000a   Code   RO         1690    i.USART_ReceiveData  stm32f4xx_usart.o
    0x08002be6   0x00000008   Code   RO         1693    i.USART_SendData    stm32f4xx_usart.o
    0x08002bee   0x000000e6   Code   RO          795    i.UartIRQ           bsp_uart_fifo.o
    0x08002cd4   0x00000004   Code   RO          725    i.UsageFault_Handler  stm32f4xx_it.o
    0x08002cd8   0x00000020   Code   RO         4093    i.__0printf         mc_w.l(printfa.o)
    0x08002cf8   0x00000028   Code   RO         4095    i.__0sprintf        mc_w.l(printfa.o)
    0x08002d20   0x00000024   Code   RO         4099    i.__0vsprintf       mc_w.l(printfa.o)
    0x08002d44   0x00000002   Code   RO          380    i.__debug__         net_debug.o
    0x08002d46   0x00000002   Code   RO          381    i.__error__         net_debug.o
    0x08002d48   0x0000000e   Code   RO         4163    i.__scatterload_copy  mc_w.l(handlers.o)
    0x08002d56   0x00000002   Code   RO         4164    i.__scatterload_null  mc_w.l(handlers.o)
    0x08002d58   0x0000000e   Code   RO         4165    i.__scatterload_zeroinit  mc_w.l(handlers.o)
    0x08002d66   0x00000002   PAD
    0x08002d68   0x00000184   Code   RO         4100    i._fp_digits        mc_w.l(printfa.o)
    0x08002eec   0x000006dc   Code   RO         4101    i._printf_core      mc_w.l(printfa.o)
    0x080035c8   0x00000024   Code   RO         4102    i._printf_post_padding  mc_w.l(printfa.o)
    0x080035ec   0x0000002e   Code   RO         4103    i._printf_pre_padding  mc_w.l(printfa.o)
    0x0800361a   0x0000000a   Code   RO         4105    i._sputc            mc_w.l(printfa.o)
    0x08003624   0x000001e0   Code   RO         3627    i.accept            TCPD_CM3.lib(at_bsd.o)
    0x08003804   0x0000002e   Code   RO         3628    i.addr_from         TCPD_CM3.lib(at_bsd.o)
    0x08003832   0x00000002   PAD
    0x08003834   0x00000194   Code   RO         3729    i.alloc_mem         TCPD_CM3.lib(at_mem.o)
    0x080039c8   0x00000178   Code   RO         3757    i.arp_cache_add     TCPD_CM3.lib(at_arp.o)
    0x08003b40   0x000000b4   Code   RO         3758    i.arp_cache_alloc   TCPD_CM3.lib(at_arp.o)
    0x08003bf4   0x000000dc   Code   RO         3759    i.arp_cache_early   TCPD_CM3.lib(at_arp.o)
    0x08003cd0   0x0000015c   Code   RO         3760    i.arp_cache_find    TCPD_CM3.lib(at_arp.o)
    0x08003e2c   0x000001c0   Code   RO         3763    i.arp_cache_update  TCPD_CM3.lib(at_arp.o)
    0x08003fec   0x0000004c   Code   RO         3766    i.arp_init          TCPD_CM3.lib(at_arp.o)
    0x08004038   0x00000034   Code   RO         3767    i.arp_is_cacheable  TCPD_CM3.lib(at_arp.o)
    0x0800406c   0x00000028   Code   RO         3768    i.arp_notify        TCPD_CM3.lib(at_arp.o)
    0x08004094   0x00000014   Code   RO         3769    i.arp_probe         TCPD_CM3.lib(at_arp.o)
    0x080040a8   0x000000d4   Code   RO         3770    i.arp_proc_response  TCPD_CM3.lib(at_arp.o)
    0x0800417c   0x0000022c   Code   RO         3771    i.arp_process       TCPD_CM3.lib(at_arp.o)
    0x080043a8   0x000000bc   Code   RO         3772    i.arp_send_reply    TCPD_CM3.lib(at_arp.o)
    0x08004464   0x000000d8   Code   RO         3773    i.arp_send_request  TCPD_CM3.lib(at_arp.o)
    0x0800453c   0x0000001c   Code   RO         3730    i.avail_mem         TCPD_CM3.lib(at_mem.o)
    0x08004558   0x00000164   Code   RO         3629    i.bind              TCPD_CM3.lib(at_bsd.o)
    0x080046bc   0x00000068   Code   RO         3630    i.bsd_assign_socket  TCPD_CM3.lib(at_bsd.o)
    0x08004724   0x00000018   Code   RO         3631    i.bsd_enable        TCPD_CM3.lib(at_bsd.o)
    0x0800473c   0x00000058   Code   RO         3632    i.bsd_init          TCPD_CM3.lib(at_bsd.o)
    0x08004794   0x0000004e   Code   RO         3633    i.bsd_kill_socket   TCPD_CM3.lib(at_bsd.o)
    0x080047e2   0x00000002   PAD
    0x080047e4   0x00000014   Code   RO          281    i.bsd_lock          net_config.o
    0x080047f8   0x0000002c   Code   RO         3634    i.bsd_map_socket    TCPD_CM3.lib(at_bsd.o)
    0x08004824   0x00000016   Code   RO         3635    i.bsd_open_udp      TCPD_CM3.lib(at_bsd.o)
    0x0800483a   0x00000002   PAD
    0x0800483c   0x0000007c   Code   RO         3636    i.bsd_poll_sockets  TCPD_CM3.lib(at_bsd.o)
    0x080048b8   0x00000014   Code   RO          282    i.bsd_resume        net_config.o
    0x080048cc   0x00000034   Code   RO          283    i.bsd_suspend       net_config.o
    0x08004900   0x00000014   Code   RO          284    i.bsd_unlock        net_config.o
    0x08004914   0x00000032   Code   RO         3637    i.bsd_wait          TCPD_CM3.lib(at_bsd.o)
    0x08004946   0x00000002   PAD
    0x08004948   0x000000cc   Code   RO          550    i.bsp_DetectKey     bsp_key.o
    0x08004a14   0x00000034   Code   RO          551    i.bsp_GetKey        bsp_key.o
    0x08004a48   0x000000cc   Code   RO          956    i.bsp_GetRCCofTIM   bsp_tim_pwm.o
    0x08004b14   0x00000014   Code   RO          515    i.bsp_Init          bsp.o
    0x08004b28   0x0000000c   Code   RO          554    i.bsp_InitKey       bsp_key.o
    0x08004b34   0x000000a0   Code   RO          555    i.bsp_InitKeyHard   bsp_key.o
    0x08004bd4   0x000000d4   Code   RO          556    i.bsp_InitKeyVar    bsp_key.o
    0x08004ca8   0x0000007c   Code   RO          672    i.bsp_InitLed       bsp_led.o
    0x08004d24   0x00000016   Code   RO          557    i.bsp_KeyScan       bsp_key.o
    0x08004d3a   0x00000002   PAD
    0x08004d3c   0x00000040   Code   RO          674    i.bsp_LedOff        bsp_led.o
    0x08004d7c   0x00000054   Code   RO          676    i.bsp_LedToggle     bsp_led.o
    0x08004dd0   0x00000020   Code   RO          558    i.bsp_PutKey        bsp_key.o
    0x08004df0   0x00000200   Code   RO          959    i.bsp_SetTIMforInt  bsp_tim_pwm.o
    0x08004ff0   0x00000012   Code   RO         3800    i.calc_chksum16be   TCPD_CM3.lib(at_lib.o)
    0x08005002   0x00000002   PAD
    0x08005004   0x00000028   Code   RO         3801    i.chksum16_buf      TCPD_CM3.lib(at_lib.o)
    0x0800502c   0x0000000a   Code   RO         3802    i.chksum16_val      TCPD_CM3.lib(at_lib.o)
    0x08005036   0x00000002   PAD
    0x08005038   0x0000013c   Code   RO         3638    i.closesocket       TCPD_CM3.lib(at_bsd.o)
    0x08005174   0x00000124   Code   RO         3527    i.debug_inf2        TCPD_CM3.lib(at_tcp.o)
    0x08005298   0x0000003c   Code   RO         3640    i.debug_inf2        TCPD_CM3.lib(at_bsd.o)
    0x080052d4   0x00000020   Code   RO         3691    i.debug_inf2        TCPD_CM3.lib(at_dhcp.o)
    0x080052f4   0x00000074   Code   RO         3774    i.debug_inf2        TCPD_CM3.lib(at_arp.o)
    0x08005368   0x000000fc   Code   RO         3496    i.debug_info        TCPD_CM3.lib(at_ip.o)
    0x08005464   0x00000070   Code   RO         3514    i.debug_info        TCPD_CM3.lib(at_icmp.o)
    0x080054d4   0x00000040   Code   RO         3528    i.debug_info        TCPD_CM3.lib(at_tcp.o)
    0x08005514   0x0000008c   Code   RO         3600    i.debug_info        TCPD_CM3.lib(at_udp.o)
    0x080055a0   0x0000010c   Code   RO         3713    i.debug_info        TCPD_CM3.lib(at_ethernet.o)
    0x080056ac   0x00000144   Code   RO         3775    i.debug_info        TCPD_CM3.lib(at_arp.o)
    0x080057f0   0x00000002   Code   RO         3692    i.dhcp_cbfunc       TCPD_CM3.lib(at_dhcp.o)
    0x080057f2   0x00000002   PAD
    0x080057f4   0x00000100   Code   RO         3694    i.dhcp_init         TCPD_CM3.lib(at_dhcp.o)
    0x080058f4   0x000005dc   Code   RO         3695    i.dhcp_listener     TCPD_CM3.lib(at_dhcp.o)
    0x08005ed0   0x0000054c   Code   RO         3696    i.dhcp_run_client   TCPD_CM3.lib(at_dhcp.o)
    0x0800641c   0x00000278   Code   RO         3697    i.dhcp_send_message  TCPD_CM3.lib(at_dhcp.o)
    0x08006694   0x00000010   Code   RO         3714    i.eth_chk_adr       TCPD_CM3.lib(at_ethernet.o)
    0x080066a4   0x0000004c   Code   RO         3716    i.eth_init_link     TCPD_CM3.lib(at_ethernet.o)
    0x080066f0   0x00000128   Code   RO         3717    i.eth_run_link      TCPD_CM3.lib(at_ethernet.o)
    0x08006818   0x00000124   Code   RO         3718    i.eth_send_frame    TCPD_CM3.lib(at_ethernet.o)
    0x0800693c   0x00000040   Code   RO          806    i.fputc             bsp_uart_fifo.o
    0x0800697c   0x00000158   Code   RO         3731    i.free_mem          TCPD_CM3.lib(at_mem.o)
    0x08006ad4   0x00000028   Code   RO         3804    i.get_crc32         TCPD_CM3.lib(at_lib.o)
    0x08006afc   0x0000001c   Code   RO         3745    i.get_rnd32         TCPD_CM3.lib(at_system.o)
    0x08006b18   0x00000028   Code   RO         3515    i.icmp_init         TCPD_CM3.lib(at_icmp.o)
    0x08006b40   0x0000025c   Code   RO         3517    i.icmp_process      TCPD_CM3.lib(at_icmp.o)
    0x08006d9c   0x0000006c   Code   RO         3518    i.icmp_run_engine   TCPD_CM3.lib(at_icmp.o)
    0x08006e08   0x00000078   Code   RO         3519    i.icmp_send_message  TCPD_CM3.lib(at_icmp.o)
    0x08006e80   0x00000044   Code   RO         3732    i.ifree_mem         TCPD_CM3.lib(at_mem.o)
    0x08006ec4   0x00000004   Code   RO          285    i.igmp_is_member    net_config.o
    0x08006ec8   0x00000002   Code   RO          286    i.igmp_process      net_config.o
    0x08006eca   0x00000002   PAD
    0x08006ecc   0x00000034   Code   RO         3746    i.init_TcpNet       TCPD_CM3.lib(at_system.o)
    0x08006f00   0x00000002   Code   RO          382    i.init_debug        net_debug.o
    0x08006f02   0x00000002   PAD
    0x08006f04   0x00000468   Code   RO         3406    i.init_ethernet     eth_stm32f4xx.o
    0x0800736c   0x000000b0   Code   RO         3733    i.init_mem          TCPD_CM3.lib(at_mem.o)
    0x0800741c   0x00000040   Code   RO          287    i.init_system       net_config.o
    0x0800745c   0x00000010   Code   RO         3407    i.int_disable_eth   eth_stm32f4xx.o
    0x0800746c   0x00000010   Code   RO         3408    i.int_enable_eth    eth_stm32f4xx.o
    0x0800747c   0x000001b8   Code   RO         3497    i.ip_chk_frame      TCPD_CM3.lib(at_ip.o)
    0x08007634   0x0000000a   Code   RO         3498    i.ip_get_chksum     TCPD_CM3.lib(at_ip.o)
    0x0800763e   0x00000002   PAD
    0x08007640   0x000000b8   Code   RO         3499    i.ip_get_locadr     TCPD_CM3.lib(at_ip.o)
    0x080076f8   0x00000028   Code   RO         3500    i.ip_init           TCPD_CM3.lib(at_ip.o)
    0x08007720   0x00000084   Code   RO         3501    i.ip_loopback       TCPD_CM3.lib(at_ip.o)
    0x080077a4   0x0000005c   Code   RO         3502    i.ip_run_local      TCPD_CM3.lib(at_ip.o)
    0x08007800   0x0000015c   Code   RO         3503    i.ip_send_frame     TCPD_CM3.lib(at_ip.o)
    0x0800795c   0x00000014   Code   RO         3805    i.is_subnet         TCPD_CM3.lib(at_lib.o)
    0x08007970   0x00000028   Code   RO         3644    i.list_get_first    TCPD_CM3.lib(at_bsd.o)
    0x08007998   0x00000194   Code   RO         3645    i.listen            TCPD_CM3.lib(at_bsd.o)
    0x08007b2c   0x00000024   Code   RO            8    i.main              main.o
    0x08007b50   0x00000068   Code   RO         3747    i.main_TcpNet       TCPD_CM3.lib(at_system.o)
    0x08007bb8   0x00000018   Code   RO         3806    i.mem_comp          TCPD_CM3.lib(at_lib.o)
    0x08007bd0   0x00000016   Code   RO         3807    i.mem_copy          TCPD_CM3.lib(at_lib.o)
    0x08007be6   0x00000020   Code   RO         3808    i.mem_crc32         TCPD_CM3.lib(at_lib.o)
    0x08007c06   0x0000000a   Code   RO         3810    i.mem_set           TCPD_CM3.lib(at_lib.o)
    0x08007c10   0x00000014   Code   RO         3811    i.mem_test          TCPD_CM3.lib(at_lib.o)
    0x08007c24   0x00000068   Code   RO         3685    i.nbns_init         TCPD_CM3.lib(at_nbns.o)
    0x08007c8c   0x00000264   Code   RO         3686    i.nbns_listener     TCPD_CM3.lib(at_nbns.o)
    0x08007ef0   0x0000000a   Code   RO         3812    i.nrd_u16be         TCPD_CM3.lib(at_lib.o)
    0x08007efa   0x00000016   Code   RO         3813    i.nrd_u32be         TCPD_CM3.lib(at_lib.o)
    0x08007f10   0x00000008   Code   RO         3814    i.nwr_u16be         TCPD_CM3.lib(at_lib.o)
    0x08007f18   0x00000010   Code   RO         3815    i.nwr_u32be         TCPD_CM3.lib(at_lib.o)
    0x08007f28   0x00000004   Code   RO          288    i.ppp_send_frame    net_config.o
    0x08007f2c   0x00000068   Code   RO         3698    i.proc_opt_renew    TCPD_CM3.lib(at_dhcp.o)
    0x08007f94   0x00000214   Code   RO         3699    i.proc_opt_req      TCPD_CM3.lib(at_dhcp.o)
    0x080081a8   0x00000034   Code   RO         3700    i.proc_opt_sel      TCPD_CM3.lib(at_dhcp.o)
    0x080081dc   0x00000054   Code   RO         2942    i.prvAddCurrentTaskToDelayedList  tasks.o
    0x08008230   0x00000042   Code   RO         2943    i.prvAllocateTCBAndStack  tasks.o
    0x08008272   0x00000002   PAD
    0x08008274   0x00000064   Code   RO         2944    i.prvCheckTasksWaitingTermination  tasks.o
    0x080082d8   0x0000002a   Code   RO         2800    i.prvCopyDataFromQueue  queue.o
    0x08008302   0x00000080   Code   RO         2801    i.prvCopyDataToQueue  queue.o
    0x08008382   0x00000012   Code   RO         2945    i.prvDeleteTCB      tasks.o
    0x08008394   0x0000007c   Code   RO         3277    i.prvHeapInit       heap_4.o
    0x08008410   0x00000028   Code   RO         2946    i.prvIdleTask       tasks.o
    0x08008438   0x00000064   Code   RO         2947    i.prvInitialiseTCBVariables  tasks.o
    0x0800849c   0x00000068   Code   RO         2948    i.prvInitialiseTaskLists  tasks.o
    0x08008504   0x00000068   Code   RO         3278    i.prvInsertBlockIntoFreeList  heap_4.o
    0x0800856c   0x0000001a   Code   RO         2802    i.prvIsQueueEmpty   queue.o
    0x08008586   0x0000001e   Code   RO         2803    i.prvIsQueueFull    queue.o
    0x080085a4   0x000000b0   Code   RO         2949    i.prvListTaskWithinSingleList  tasks.o
    0x08008654   0x00000034   Code   RO         2950    i.prvResetNextTaskUnblockTime  tasks.o
    0x08008688   0x00000016   Code   RO         2951    i.prvTaskCheckFreeStackSpace  tasks.o
    0x0800869e   0x00000002   PAD
    0x080086a0   0x00000040   Code   RO         3337    i.prvTaskExitError  port.o
    0x080086e0   0x0000007e   Code   RO         2804    i.prvUnlockQueue    queue.o
    0x0800875e   0x0000002a   Code   RO         2953    i.prvWriteNameToBuffer  tasks.o
    0x08008788   0x00000028   Code   RO         3719    i.put_in_queue      TCPD_CM3.lib(at_ethernet.o)
    0x080087b0   0x0000013c   Code   RO         3279    i.pvPortMalloc      heap_4.o
    0x080088ec   0x00000020   Code   RO         2954    i.pvTaskIncrementMutexHeldCount  tasks.o
    0x0800890c   0x00000028   Code   RO         3338    i.pxPortInitialiseStack  port.o
    0x08008934   0x00000018   Code   RO         3646    i.que_add_buf       TCPD_CM3.lib(at_bsd.o)
    0x0800894c   0x00000044   Code   RO         3647    i.que_clear_chain   TCPD_CM3.lib(at_bsd.o)
    0x08008990   0x00000038   Code   RO         3409    i.read_PHY          eth_stm32f4xx.o
    0x080089c8   0x0000000e   Code   RO         3648    i.recv              TCPD_CM3.lib(at_bsd.o)
    0x080089d6   0x00000002   PAD
    0x080089d8   0x000002ec   Code   RO         3649    i.recvfrom          TCPD_CM3.lib(at_bsd.o)
    0x08008cc4   0x00000094   Code   RO         3734    i.resize_mem        TCPD_CM3.lib(at_mem.o)
    0x08008d58   0x0000003c   Code   RO          289    i.run_system        net_config.o
    0x08008d94   0x0000006c   Code   RO         3410    i.rx_descr_init     eth_stm32f4xx.o
    0x08008e00   0x0000000e   Code   RO         3650    i.send              TCPD_CM3.lib(at_bsd.o)
    0x08008e0e   0x00000002   PAD
    0x08008e10   0x0000007c   Code   RO         3411    i.send_frame        eth_stm32f4xx.o
    0x08008e8c   0x000002c8   Code   RO         3651    i.sendto            TCPD_CM3.lib(at_bsd.o)
    0x08009154   0x00000024   Code   RO         3652    i.set_sock_type     TCPD_CM3.lib(at_bsd.o)
    0x08009178   0x00000004   Code   RO          290    i.slip_send_frame   net_config.o
    0x0800917c   0x00000158   Code   RO         3653    i.socket            TCPD_CM3.lib(at_bsd.o)
    0x080092d4   0x00000012   Code   RO         3816    i.str_copy          TCPD_CM3.lib(at_lib.o)
    0x080092e6   0x0000001a   Code   RO         3821    i.str_up_case       TCPD_CM3.lib(at_lib.o)
    0x08009300   0x00000024   Code   RO          292    i.sys_error         net_config.o
    0x08009324   0x000000bc   Code   RO         3529    i.tcp_abort         TCPD_CM3.lib(at_tcp.o)
    0x080093e0   0x000001e8   Code   RO         3654    i.tcp_cbfunc        TCPD_CM3.lib(at_bsd.o)
    0x080095c8   0x0000009c   Code   RO         3530    i.tcp_check_send    TCPD_CM3.lib(at_tcp.o)
    0x08009664   0x00000130   Code   RO         3531    i.tcp_close         TCPD_CM3.lib(at_tcp.o)
    0x08009794   0x00000044   Code   RO         3534    i.tcp_get_buf       TCPD_CM3.lib(at_tcp.o)
    0x080097d8   0x000000f0   Code   RO         3536    i.tcp_get_socket    TCPD_CM3.lib(at_tcp.o)
    0x080098c8   0x00000024   Code   RO         3537    i.tcp_get_state     TCPD_CM3.lib(at_tcp.o)
    0x080098ec   0x00000054   Code   RO         3538    i.tcp_init          TCPD_CM3.lib(at_tcp.o)
    0x08009940   0x0000003c   Code   RO         3539    i.tcp_ioctl_socket  TCPD_CM3.lib(at_tcp.o)
    0x0800997c   0x00000138   Code   RO         3540    i.tcp_listen        TCPD_CM3.lib(at_tcp.o)
    0x08009ab4   0x00000110   Code   RO         3541    i.tcp_map_socket    TCPD_CM3.lib(at_tcp.o)
    0x08009bc4   0x00000024   Code   RO         3542    i.tcp_max_dsize     TCPD_CM3.lib(at_tcp.o)
    0x08009be8   0x0000000c   Code   RO         3543    i.tcp_no_ack        TCPD_CM3.lib(at_tcp.o)
    0x08009bf4   0x000000a8   Code   RO         3544    i.tcp_parse_opt     TCPD_CM3.lib(at_tcp.o)
    0x08009c9c   0x00000488   Code   RO         3545    i.tcp_poll_sockets  TCPD_CM3.lib(at_tcp.o)
    0x0800a124   0x00000110   Code   RO         3546    i.tcp_proc_acknr    TCPD_CM3.lib(at_tcp.o)
    0x0800a234   0x000000cc   Code   RO         3547    i.tcp_proc_dupack   TCPD_CM3.lib(at_tcp.o)
    0x0800a300   0x00000acc   Code   RO         3548    i.tcp_process       TCPD_CM3.lib(at_tcp.o)
    0x0800adcc   0x0000001a   Code   RO         3549    i.tcp_que_free      TCPD_CM3.lib(at_tcp.o)
    0x0800ade6   0x0000001a   Code   RO         3550    i.tcp_que_init      TCPD_CM3.lib(at_tcp.o)
    0x0800ae00   0x000000e4   Code   RO         3551    i.tcp_que_resend    TCPD_CM3.lib(at_tcp.o)
    0x0800aee4   0x000000a8   Code   RO         3552    i.tcp_release_socket  TCPD_CM3.lib(at_tcp.o)
    0x0800af8c   0x0000010c   Code   RO         3554    i.tcp_reset_window  TCPD_CM3.lib(at_tcp.o)
    0x0800b098   0x00000238   Code   RO         3555    i.tcp_send          TCPD_CM3.lib(at_tcp.o)
    0x0800b2d0   0x00000090   Code   RO         3556    i.tcp_send_ctrl     TCPD_CM3.lib(at_tcp.o)
    0x0800b360   0x0000007c   Code   RO         3557    i.tcp_send_data     TCPD_CM3.lib(at_tcp.o)
    0x0800b3dc   0x00000080   Code   RO         3558    i.tcp_send_reset    TCPD_CM3.lib(at_tcp.o)
    0x0800b45c   0x00000044   Code   RO         3559    i.tcp_set_cwnd      TCPD_CM3.lib(at_tcp.o)
    0x0800b4a0   0x00000068   Code   RO         3560    i.tcp_transit       TCPD_CM3.lib(at_tcp.o)
    0x0800b508   0x000000cc   Code   RO         3561    i.tcp_write         TCPD_CM3.lib(at_tcp.o)
    0x0800b5d4   0x00000014   Code   RO         3748    i.timer_tick        TCPD_CM3.lib(at_system.o)
    0x0800b5e8   0x00000064   Code   RO         3412    i.tx_descr_init     eth_stm32f4xx.o
    0x0800b64c   0x000000e4   Code   RO         3655    i.udp_cbfunc        TCPD_CM3.lib(at_bsd.o)
    0x0800b730   0x00000074   Code   RO         3601    i.udp_close         TCPD_CM3.lib(at_udp.o)
    0x0800b7a4   0x00000044   Code   RO         3603    i.udp_get_buf       TCPD_CM3.lib(at_udp.o)
    0x0800b7e8   0x000000e4   Code   RO         3604    i.udp_get_socket    TCPD_CM3.lib(at_udp.o)
    0x0800b8cc   0x0000003c   Code   RO         3605    i.udp_init          TCPD_CM3.lib(at_udp.o)
    0x0800b908   0x00000128   Code   RO         3608    i.udp_open          TCPD_CM3.lib(at_udp.o)
    0x0800ba30   0x0000002c   Code   RO         3609    i.udp_port_in_use   TCPD_CM3.lib(at_udp.o)
    0x0800ba5c   0x00000184   Code   RO         3610    i.udp_process       TCPD_CM3.lib(at_udp.o)
    0x0800bbe0   0x0000007c   Code   RO         3611    i.udp_release_socket  TCPD_CM3.lib(at_udp.o)
    0x0800bc5c   0x00000258   Code   RO         3612    i.udp_send          TCPD_CM3.lib(at_udp.o)
    0x0800beb4   0x00000028   Code   RO         2764    i.uxListRemove      list.o
    0x0800bedc   0x000000a4   Code   RO         2957    i.uxTaskGetSystemState  tasks.o
    0x0800bf80   0x0000001a   Code   RO         2765    i.vListInitialise   list.o
    0x0800bf9a   0x00000006   Code   RO         2766    i.vListInitialiseItem  list.o
    0x0800bfa0   0x00000034   Code   RO         2767    i.vListInsert       list.o
    0x0800bfd4   0x00000018   Code   RO         2768    i.vListInsertEnd    list.o
    0x0800bfec   0x00000058   Code   RO         3340    i.vPortEnterCritical  port.o
    0x0800c044   0x0000003c   Code   RO         3341    i.vPortExitCritical  port.o
    0x0800c080   0x00000094   Code   RO         3280    i.vPortFree         heap_4.o
    0x0800c114   0x00000014   Code   RO         3342    i.vPortSetupTimerInterrupt  port.o
    0x0800c128   0x00000018   Code   RO          415    i.vSetupSysInfoTest  sysinfotest.o
    0x0800c140   0x0000008c   Code   RO         2962    i.vTaskDelay        tasks.o
    0x0800c1cc   0x000000fc   Code   RO         2963    i.vTaskDelayUntil   tasks.o
    0x0800c2c8   0x000000c0   Code   RO         2966    i.vTaskGetRunTimeStats  tasks.o
    0x0800c388   0x0000001e   Code   RO            9    i.vTaskLED          main.o
    0x0800c3a6   0x00000002   PAD
    0x0800c3a8   0x000000c8   Code   RO         2967    i.vTaskList         tasks.o
    0x0800c470   0x0000000c   Code   RO         2968    i.vTaskMissedYield  tasks.o
    0x0800c47c   0x0000000e   Code   RO           10    i.vTaskMsgPro       main.o
    0x0800c48a   0x00000002   PAD
    0x0800c48c   0x0000007c   Code   RO         2970    i.vTaskPlaceOnEventList  tasks.o
    0x0800c508   0x000000b0   Code   RO         2972    i.vTaskPriorityInherit  tasks.o
    0x0800c5b8   0x00000030   Code   RO         2976    i.vTaskSetTimeOutState  tasks.o
    0x0800c5e8   0x00000008   Code   RO           11    i.vTaskSocket       main.o
    0x0800c5f0   0x0000001e   Code   RO           12    i.vTaskStart        main.o
    0x0800c60e   0x00000002   PAD
    0x0800c610   0x00000084   Code   RO         2977    i.vTaskStartScheduler  tasks.o
    0x0800c694   0x00000010   Code   RO         2979    i.vTaskSuspendAll   tasks.o
    0x0800c6a4   0x000000cc   Code   RO         2980    i.vTaskSwitchContext  tasks.o
    0x0800c770   0x0000000e   Code   RO           13    i.vTaskTCPnet       main.o
    0x0800c77e   0x00000002   PAD
    0x0800c780   0x00000160   Code   RO           14    i.vTaskTaskUserIF   main.o
    0x0800c8e0   0x00000034   Code   RO         3413    i.write_PHY         eth_stm32f4xx.o
    0x0800c914   0x0000001a   Code   RO         2678    i.xEventGroupCreate  event_groups.o
    0x0800c92e   0x00000002   PAD
    0x0800c930   0x0000000c   Code   RO         3282    i.xPortGetFreeHeapSize  heap_4.o
    0x0800c93c   0x0000013c   Code   RO         3344    i.xPortStartScheduler  port.o
    0x0800ca78   0x0000004c   Code   RO         2812    i.xQueueCreateMutex  queue.o
    0x0800cac4   0x00000086   Code   RO         2813    i.xQueueGenericCreate  queue.o
    0x0800cb4a   0x00000002   PAD
    0x0800cb4c   0x00000180   Code   RO         2814    i.xQueueGenericReceive  queue.o
    0x0800cccc   0x00000094   Code   RO         2815    i.xQueueGenericReset  queue.o
    0x0800cd60   0x00000174   Code   RO         2816    i.xQueueGenericSend  queue.o
    0x0800ced4   0x0000008c   Code   RO         2981    i.xTaskCheckForTimeOut  tasks.o
    0x0800cf60   0x00000170   Code   RO         2982    i.xTaskGenericCreate  tasks.o
    0x0800d0d0   0x0000000c   Code   RO         2986    i.xTaskGetTickCount  tasks.o
    0x0800d0dc   0x0000014c   Code   RO         2988    i.xTaskIncrementTick  tasks.o
    0x0800d228   0x000000c8   Code   RO         2991    i.xTaskPriorityDisinherit  tasks.o
    0x0800d2f0   0x00000098   Code   RO         2992    i.xTaskRemoveFromEventList  tasks.o
    0x0800d388   0x00000104   Code   RO         2994    i.xTaskResumeAll    tasks.o
    0x0800d48c   0x00000088   Data   RO          294    .constdata          net_config.o
    0x0800d514   0x00000044   Data   RO         3415    .constdata          eth_stm32f4xx.o
    0x0800d558   0x00000020   Data   RO         3504    .constdata          TCPD_CM3.lib(at_ip.o)
    0x0800d578   0x00000018   Data   RO         3562    .constdata          TCPD_CM3.lib(at_tcp.o)
    0x0800d590   0x00000008   Data   RO         3687    .constdata          TCPD_CM3.lib(at_nbns.o)
    0x0800d598   0x00000015   Data   RO         3702    .constdata          TCPD_CM3.lib(at_dhcp.o)
    0x0800d5ad   0x00000001   PAD
    0x0800d5ae   0x00000011   Data   RO         3721    .constdata          TCPD_CM3.lib(at_ethernet.o)
    0x0800d5bf   0x00000001   PAD
    0x0800d5c0   0x0000004e   Data   RO         3776    .constdata          TCPD_CM3.lib(at_arp.o)
    0x0800d60e   0x00000289   Data   RO          474    .conststring        app_tcpnet_lib.o
    0x0800d897   0x00000050   Data   RO         3563    .conststring        TCPD_CM3.lib(at_tcp.o)
    0x0800d8e7   0x00000001   PAD
    0x0800d8e8   0x00000020   Data   RO         4161    Region$$Table       anon$$obj.o


    Execution Region RW_IRAM1 (Base: 0x20000000, Size: 0x0000e308, Max: 0x00020000, ABSOLUTE, COMPRESSED[0x00000074])

    Base Addr    Size         Type   Attr      Idx    E Section Name        Object

    0x20000000   0x00000020   Data   RW           16    .data               main.o
    0x20000020   0x00000020   Data   RW          296    .data               net_config.o
    0x20000040   0x00000004   Data   RW          416    .data               sysinfotest.o
    0x20000044   0x0000002c   Data   RW          475    .data               app_tcpnet_lib.o
    0x20000070   0x0000000a   Data   RW         1050    .data               usart.o
    0x2000007a   0x00000010   Data   RW         1225    .data               stm32f4xx_rcc.o
    0x2000008a   0x00000002   PAD
    0x2000008c   0x00000014   Data   RW         2631    .data               system_stm32f4xx.o
    0x200000a0   0x00000040   Data   RW         2997    .data               tasks.o
    0x200000e0   0x00000018   Data   RW         3285    .data               heap_4.o
    0x200000f8   0x0000000c   Data   RW         3345    .data               port.o
    0x20000104   0x00000003   Data   RW         3416    .data               eth_stm32f4xx.o
    0x20000107   0x00000001   PAD
    0x20000108   0x0000000c   Data   RW         3505    .data               TCPD_CM3.lib(at_ip.o)
    0x20000114   0x00000030   Data   RW         3564    .data               TCPD_CM3.lib(at_tcp.o)
    0x20000144   0x00000002   Data   RW         3613    .data               TCPD_CM3.lib(at_udp.o)
    0x20000146   0x00000001   Data   RW         3688    .data               TCPD_CM3.lib(at_nbns.o)
    0x20000147   0x00000001   PAD
    0x20000148   0x00000008   Data   RW         3777    .data               TCPD_CM3.lib(at_arp.o)
    0x20000150   0x00000004   Data   RW         4135    .data               mc_w.l(stdout.o)
    0x20000154   0x00000400   Zero   RW           15    .bss                main.o
    0x20000554   0x00002270   Zero   RW          293    .bss                net_config.o
    0x200027c4   0x00000400   Zero   RW          473    .bss                app_tcpnet_lib.o
    0x20002bc4   0x000000ad   Zero   RW          560    .bss                bsp_key.o
    0x20002c71   0x00000003   PAD
    0x20002c74   0x00000828   Zero   RW          807    .bss                bsp_uart_fifo.o
    0x2000349c   0x00000800   Zero   RW         1049    .bss                usart.o
    0x20003c9c   0x000000f0   Zero   RW         2996    .bss                tasks.o
    0x20003d8c   0x00007800   Zero   RW         3284    .bss                heap_4.o
    0x2000b58c   0x00002460   Zero   RW         3414    .bss                eth_stm32f4xx.o
    0x2000d9ec   0x00000010   Zero   RW         3520    .bss                TCPD_CM3.lib(at_icmp.o)
    0x2000d9fc   0x00000020   Zero   RW         3701    .bss                TCPD_CM3.lib(at_dhcp.o)
    0x2000da1c   0x00000084   Zero   RW         3720    .bss                TCPD_CM3.lib(at_ethernet.o)
    0x2000daa0   0x00000010   Zero   RW         3735    .bss                TCPD_CM3.lib(at_mem.o)
    0x2000dab0   0x00000058   Zero   RW         3749    .bss                TCPD_CM3.lib(at_system.o)
    0x2000db08   0x00000800   Zero   RW         1114    STACK               startup_stm32f40_41xxx.o


==============================================================================

Image component sizes


      Code (inc. data)   RO Data    RW Data    ZI Data      Debug   Object Name

       632        238        649         44       1024       1803   app_tcpnet_lib.o
        20          0          0          0          0        579   bsp.o
       930        134          0          0        173      11774   bsp_key.o
       272         36          0          0          0       1983   bsp_led.o
       716        108          0          0          0       2629   bsp_tim_pwm.o
       310         12          0          0       2088       2928   bsp_uart_fifo.o
      2132        460         68          3       9312      42822   eth_stm32f4xx.o
        26          0          0          0          0      12036   event_groups.o
       704         70          0         24      30720       8102   heap_4.o
       148          0          0          0          0       3794   list.o
       924        364          0         32       1024     337961   main.o
       140         22          0          0          0       2055   misc.o
       286         42        136         32       8816      19050   net_config.o
         6          0          0          0          0       1797   net_debug.o
       822         78          0         12          0       8980   port.o
      1466         14          0          0          0      10838   queue.o
        36          8        392          0       2048       1004   startup_stm32f40_41xxx.o
       594         52          0          0          0       6906   stm32f4xx_dma.o
       184         16          0          0          0       2764   stm32f4xx_exti.o
       214          0          0          0          0       2271   stm32f4xx_gpio.o
       100         48          0          0          0       3593   stm32f4xx_it.o
       328         36          0         16          0       5579   stm32f4xx_rcc.o
        64          4          0          0          0        812   stm32f4xx_syscfg.o
       238         28          0          0          0       5393   stm32f4xx_tim.o
       456          8          0          0          0       7508   stm32f4xx_usart.o
        64         14          0          4          0       3182   sysinfotest.o
       340         34          0         20          0       2281   system_stm32f4xx.o
      3960        484          0         64        240      29445   tasks.o
      4464        172          0         10       2048       7993   usart.o

    ----------------------------------------------------------------------
     20612       2482       1277        264      57496     547862   Object Totals
         0          0         32          0          0          0   (incl. Generated)
        36          0          0          3          3          0   (incl. Padding)

    ----------------------------------------------------------------------

      Code (inc. data)   RO Data    RW Data    ZI Data      Debug   Library Member Name

      3372       1080         78          8          0       1316   at_arp.o
      4912       1696          0          0          0       2036   at_bsd.o
      4466       1884         21          0         32        812   at_dhcp.o
       988        372         17          0        132        492   at_ethernet.o
       984        450          0          0         16        396   at_icmp.o
      1498        494         32         12          0        696   at_ip.o
       336          6          0          0          0       1132   at_lib.o
      1168        438          0          0         16        528   at_mem.o
       716        268          8          1          0        180   at_nbns.o
       204         38          0          0         88        292   at_system.o
      8748       3396        104         48          0       2692   at_tcp.o
      2064        922          0          2          0        840   at_udp.o
        86          0          0          0          0          0   __dczerorl2.o
         0          0          0          0          0          0   entry.o
         0          0          0          0          0          0   entry10a.o
         0          0          0          0          0          0   entry11a.o
         8          4          0          0          0          0   entry2.o
         4          0          0          0          0          0   entry5.o
         0          0          0          0          0          0   entry7b.o
         0          0          0          0          0          0   entry8b.o
         8          4          0          0          0          0   entry9a.o
        30          0          0          0          0          0   handlers.o
        36          8          0          0          0         68   init.o
         0          0          0          0          0          0   iusefp.o
        30          0          0          0          0         68   llshl.o
        36          0          0          0          0         68   llsshr.o
        32          0          0          0          0         68   llushr.o
        36          0          0          0          0         68   memcpya.o
        36          0          0          0          0        108   memseta.o
      2344        102          0          0          0        684   printfa.o
         0          0          0          4          0          0   stdout.o
        18          0          0          0          0         68   strcpy.o
        14          0          0          0          0         68   strlen.o
        44          0          0          0          0         80   uidiv.o
        98          0          0          0          0         92   uldiv.o
        48          0          0          0          0         68   cdrcmple.o
       334          0          0          0          0        148   dadd.o
       222          0          0          0          0        100   ddiv.o
       186          0          0          0          0        176   depilogue.o
        48          0          0          0          0         68   dfixul.o
       228          0          0          0          0         96   dmul.o

    ----------------------------------------------------------------------
     33408      11162        263         76        284      13508   Library Totals
        26          0          3          1          0          0   (incl. Padding)

    ----------------------------------------------------------------------

      Code (inc. data)   RO Data    RW Data    ZI Data      Debug   Library Name

     29456      11044        260         71        284      11412   TCPD_CM3.lib
      2860        118          0          4          0       1440   mc_w.l
      1066          0          0          0          0        656   mf_w.l

    ----------------------------------------------------------------------
     33408      11162        263         76        284      13508   Library Totals

    ----------------------------------------------------------------------

==============================================================================


      Code (inc. data)   RO Data    RW Data    ZI Data      Debug   

     54020      13644       1540        340      57780     537106   Grand Totals
     54020      13644       1540        116      57780     537106   ELF Image Totals (compressed)
     54020      13644       1540        116          0          0   ROM Totals

==============================================================================

    Total RO  Size (Code + RO Data)                55560 (  54.26kB)
    Total RW  Size (RW Data + ZI Data)             58120 (  56.76kB)
    Total ROM Size (Code + RO Data + RW Data)      55676 (  54.37kB)

==============================================================================

